<html>
<body>
<pre>
<h1>µVision Build Log</h1>
<h2>Tool Versions:</h2>
IDE-Version: µVision V5.29.0.0
Copyright (C) 2019 ARM Ltd and ARM Germany GmbH. All rights reserved.
License Information: somnath Employee, Microsoft Corporation, LIC=RC93N-Y41I0-GKXBG-V1PQH-W1ZVH-HSP8X
 
Tool Versions:
Toolchain:       MDK-ARM Plus  Version: 5.29.0.0
Toolchain Path:  C:\Keil_v5\ARM\ARMCC\Bin
C Compiler:      Armcc.exe V5.06 update 6 (build 750)
Assembler:       Armasm.exe V5.06 update 6 (build 750)
Linker/Locator:  ArmLink.exe V5.06 update 6 (build 750)
Library Manager: ArmAr.exe V5.06 update 6 (build 750)
Hex Converter:   FromElf.exe V5.06 update 6 (build 750)
CPU DLL:         SARMCM3.DLL V5.29.0.0
Dialog DLL:      DCM.DLL V1.17.3.0
Target DLL:      STLink\ST-LINKIII-KEIL_SWO.dll V3.0.7.0
Dialog DLL:      TCM.DLL V1.36.5.0
 
<h2>Project:</h2>
C:\Users\Semiconductor Valley\Desktop\New folder (5)\GPS.uvprojx
Project File Date:  01/01/2022

<h2>Output:</h2>
*** Using Compiler 'V5.06 update 6 (build 750)', folder: 'C:\Keil_v5\ARM\ARMCC\Bin'
Rebuild target 'Target 1'
compiling GPIO.c...
compiling SysTickTimer.c...
compiling APP.c...
LOG.h(13): warning:  #1-D: last line of file ends without a newline
  	
APP.c: 1 warning, 0 errors
compiling LOG.c...
LOG.h(13): warning:  #1-D: last line of file ends without a newline
  	
LOG.c(36): warning:  #1-D: last line of file ends without a newline
  	}
LOG.c: 2 warnings, 0 errors
compiling GSM.c...
GSM.c(150): warning:  #1-D: last line of file ends without a newline
  }
GSM.c: 1 warning, 0 errors
compiling Interrupt.c...
assembling startup_stm32f10x_md.s...
compiling UART2.c...
UART2.c(66): warning:  #177-D: variable "temp"  was declared but never referenced
  		volatile char *temp;
UART2.c: 1 warning, 0 errors
compiling system_stm32f10x.c...
linking...
Program Size: Code=11996 RO-data=732 RW-data=52 ZI-data=1924  
FromELF: creating hex file...
".\Objects\GPS.axf" - 0 Error(s), 5 Warning(s).

<h2>Software Packages used:</h2>

Package Vendor: ARM
                http://www.keil.com/pack/ARM.CMSIS.5.6.0.pack
                ARM.CMSIS.5.6.0
                CMSIS (Cortex Microcontroller Software Interface Standard)
   * Component: CORE Version: 5.3.0

Package Vendor: Keil
                http://www.keil.com/pack/Keil.STM32F1xx_DFP.2.3.0.pack
                Keil.STM32F1xx_DFP.2.3.0
                STMicroelectronics STM32F1 Series Device Support, Drivers and Examples
   * Component: Startup Version: 1.0.0

<h2>Collection of Component include folders:</h2>
  .\RTE\Device\STM32F103C8
  .\RTE\_Target_1
  C:\Users\Semiconductor Valley\AppData\Local\Arm\Packs\ARM\CMSIS\5.6.0\CMSIS\Core\Include
  C:\Users\Semiconductor Valley\AppData\Local\Arm\Packs\Keil\STM32F1xx_DFP\2.3.0\Device\Include

<h2>Collection of Component Files used:</h2>

   * Component: ARM::CMSIS:CORE:5.3.0

   * Component: Keil::Device:Startup:1.0.0
      Source file:   Device\Source\ARM\startup_stm32f10x_md.s
      Source file:   Device\Source\system_stm32f10x.c
      Include file:  RTE_Driver\Config\RTE_Device.h
      Source file:   Device\Source\ARM\STM32F1xx_OPT.s
Build Time Elapsed:  00:00:02
</pre>
</body>
</html>
