Component: ARM Compiler 5.06 update 6 (build 750) Tool: armlink [4d35ed]

==============================================================================

Section Cross References

    app.o(i.main) refers to systicktimer.o(i.SysTick_init) for SysTick_init
    app.o(i.main) refers to uart2.o(i.uart2_init) for uart2_init
    app.o(i.main) refers to systicktimer.o(i.s_delay) for s_delay
    app.o(i.main) refers to gsm.o(i.get_latitude) for get_latitude
    app.o(i.main) refers to gsm.o(i.get_longitude) for get_longitude
    app.o(i.main) refers to log.o(i.LOG_DBG) for LOG_DBG
    app.o(i.main) refers to log.o(i.LOG_WRN) for LOG_WRN
    app.o(i.main) refers to uart2.o(i.uart2_Tx) for uart2_Tx
    app.o(i.main) refers to strcat.o(.text) for strcat
    app.o(i.main) refers to strlen.o(.text) for strlen
    app.o(i.main) refers to rt_memclr.o(.text) for __aeabi_memclr
    app.o(i.main) refers to gsm.o(.data) for rec_data
    app.o(i.main) refers to gsm.o(.bss) for GGA_Pointers
    app.o(i.main) refers to app.o(.data) for def_link
    app.o(i.main) refers to app.o(.bss) for link
    systicktimer.o(i.s_delay) refers to systicktimer.o(i.ms_delay) for ms_delay
    log.o(i.LOG_DBG) refers to uart2.o(i.uart2_Tx) for uart2_Tx
    log.o(i.LOG_ERR) refers to uart2.o(i.uart2_Tx) for uart2_Tx
    log.o(i.LOG_INFO) refers to uart2.o(i.uart2_Tx) for uart2_Tx
    log.o(i.LOG_WRN) refers to uart2.o(i.uart2_Tx) for uart2_Tx
    gsm.o(i.convert_to_degrees) refers to _printf_percent.o(.ARM.Collect$$_printf_percent$$00000000) for _printf_percent
    gsm.o(i.convert_to_degrees) refers to _printf_f.o(.ARM.Collect$$_printf_percent$$00000003) for _printf_f
    gsm.o(i.convert_to_degrees) refers to printf1.o(x$fpl$printf1) for _printf_fp_dec
    gsm.o(i.convert_to_degrees) refers to atof.o(i.atof) for atof
    gsm.o(i.convert_to_degrees) refers to ddiv.o(x$fpl$ddiv) for __aeabi_ddiv
    gsm.o(i.convert_to_degrees) refers to d2f.o(x$fpl$d2f) for __aeabi_d2f
    gsm.o(i.convert_to_degrees) refers to ffix.o(x$fpl$ffix) for __aeabi_f2iz
    gsm.o(i.convert_to_degrees) refers to fflt_clz.o(x$fpl$fflt) for __aeabi_i2f
    gsm.o(i.convert_to_degrees) refers to faddsub_clz.o(x$fpl$frsb) for __aeabi_frsub
    gsm.o(i.convert_to_degrees) refers to f2d.o(x$fpl$f2d) for __aeabi_f2d
    gsm.o(i.convert_to_degrees) refers to faddsub_clz.o(x$fpl$fadd) for __aeabi_fadd
    gsm.o(i.convert_to_degrees) refers to noretval__2sprintf.o(.text) for __2sprintf
    gsm.o(i.convert_to_degrees) refers to gsm.o(.bss) for degrees_buffer
    gsm.o(i.get_gsm_string) refers to uart2.o(i.uart2_Rx) for uart2_Rx
    gsm.o(i.get_gsm_string) refers to gsm.o(.data) for Data_to_rec
    gsm.o(i.get_gsm_string) refers to gsm.o(.bss) for GGA_Pointers
    gsm.o(i.get_latitude) refers to gsm.o(i.convert_to_degrees) for convert_to_degrees
    gsm.o(i.get_latitude) refers to strcpy.o(.text) for strcpy
    gsm.o(i.get_latitude) refers to gsm.o(.bss) for GGA_Buffer
    gsm.o(i.get_longitude) refers to gsm.o(i.convert_to_degrees) for convert_to_degrees
    gsm.o(i.get_longitude) refers to strcpy.o(.text) for strcpy
    gsm.o(i.get_longitude) refers to gsm.o(.bss) for GGA_Buffer
    interrupt.o(i.USART2_IRQHandler) refers to gsm.o(i.get_gsm_string) for get_gsm_string
    startup_stm32f10x_md.o(STACK) refers (Special) to heapauxi.o(.text) for __use_two_region_memory
    startup_stm32f10x_md.o(HEAP) refers (Special) to heapauxi.o(.text) for __use_two_region_memory
    startup_stm32f10x_md.o(RESET) refers (Special) to heapauxi.o(.text) for __use_two_region_memory
    startup_stm32f10x_md.o(RESET) refers to startup_stm32f10x_md.o(STACK) for __initial_sp
    startup_stm32f10x_md.o(RESET) refers to startup_stm32f10x_md.o(.text) for Reset_Handler
    startup_stm32f10x_md.o(RESET) refers to interrupt.o(i.USART2_IRQHandler) for USART2_IRQHandler
    startup_stm32f10x_md.o(.text) refers (Special) to heapauxi.o(.text) for __use_two_region_memory
    startup_stm32f10x_md.o(.text) refers to system_stm32f10x.o(i.SystemInit) for SystemInit
    startup_stm32f10x_md.o(.text) refers to __main.o(!!!main) for __main
    startup_stm32f10x_md.o(.text) refers to startup_stm32f10x_md.o(HEAP) for Heap_Mem
    startup_stm32f10x_md.o(.text) refers to startup_stm32f10x_md.o(STACK) for Stack_Mem
    system_stm32f10x.o(i.SetSysClock) refers to system_stm32f10x.o(i.SetSysClockTo72) for SetSysClockTo72
    system_stm32f10x.o(i.SystemCoreClockUpdate) refers to system_stm32f10x.o(.data) for SystemCoreClock
    system_stm32f10x.o(i.SystemInit) refers to system_stm32f10x.o(i.SetSysClock) for SetSysClock
    __2sprintf.o(.text) refers to _printf_char_common.o(.text) for _printf_char_common
    __2sprintf.o(.text) refers to _sputc.o(.text) for _sputc
    noretval__2sprintf.o(.text) refers to _printf_char_common.o(.text) for _printf_char_common
    noretval__2sprintf.o(.text) refers to _sputc.o(.text) for _sputc
    __printf.o(.text) refers to _printf_percent.o(.ARM.Collect$$_printf_percent$$00000000) for _printf_percent
[...]
    dmul.o(x$fpl$dmul) refers to dretinf.o(x$fpl$dretinf) for __fpl_dretinf
    dmul.o(x$fpl$dmul) refers to dnaninf.o(x$fpl$dnaninf) for __fpl_dnaninf
    retnan.o(x$fpl$retnan) refers (Special) to usenofp.o(x$fpl$usenofp) for __I$use$fp
    retnan.o(x$fpl$retnan) refers to trapv.o(x$fpl$trapveneer) for __fpl_cmpreturn
    sys_wrch.o(.text) refers (Special) to use_no_semi.o(.text) for __I$use$semihosting
    sys_wrch.o(.text) refers (Special) to indicate_semi.o(.text) for __semihosting_library_function
    defsig.o(CL$$defsig) refers to defsig_rtmem_inner.o(.text) for __rt_SIGRTMEM_inner
    trapv.o(x$fpl$trapveneer) refers (Special) to usenofp.o(x$fpl$usenofp) for __I$use$fp
    defsig_abrt_inner.o(.text) refers to defsig_general.o(.text) for __default_signal_display
    defsig_fpe_inner.o(.text) refers to defsig_general.o(.text) for __default_signal_display
    defsig_rtred_inner.o(.text) refers to defsig_general.o(.text) for __default_signal_display
    defsig_stak_inner.o(.text) refers to defsig_general.o(.text) for __default_signal_display
    defsig_pvfn_inner.o(.text) refers to defsig_general.o(.text) for __default_signal_display
    defsig_cppl_inner.o(.text) refers to defsig_general.o(.text) for __default_signal_display
    defsig_segv_inner.o(.text) refers to defsig_general.o(.text) for __default_signal_display
    defsig_other.o(.text) refers to defsig_general.o(.text) for __default_signal_display


==============================================================================

Removing Unused input sections from the image.

    Removing app.o(.rev16_text), (4 bytes).
    Removing app.o(.revsh_text), (4 bytes).
    Removing app.o(.rrx_text), (6 bytes).
    Removing systicktimer.o(.rev16_text), (4 bytes).
    Removing systicktimer.o(.revsh_text), (4 bytes).
    Removing systicktimer.o(.rrx_text), (6 bytes).
    Removing systicktimer.o(i.delay), (40 bytes).
    Removing gpio.o(.rev16_text), (4 bytes).
    Removing gpio.o(.revsh_text), (4 bytes).
    Removing gpio.o(.rrx_text), (6 bytes).
    Removing gpio.o(i.GPIO_config_b), (44 bytes).
    Removing gpio.o(i.GPIO_config_c), (44 bytes).
    Removing uart2.o(.rev16_text), (4 bytes).
    Removing uart2.o(.revsh_text), (4 bytes).
    Removing uart2.o(.rrx_text), (6 bytes).
    Removing log.o(i.LOG_ERR), (52 bytes).
    Removing log.o(i.LOG_INFO), (36 bytes).
    Removing system_stm32f10x.o(.rev16_text), (4 bytes).
    Removing system_stm32f10x.o(.revsh_text), (4 bytes).
    Removing system_stm32f10x.o(.rrx_text), (6 bytes).
    Removing system_stm32f10x.o(i.SystemCoreClockUpdate), (164 bytes).
    Removing system_stm32f10x.o(.data), (20 bytes).

22 unused section(s) (total 470 bytes) removed from the image.

==============================================================================

Image Symbol Table

    Local Symbols

    Symbol Name                              Value     Ov Type        Size  Object(Section)

    ../clib/angel/boardlib.s                 0x00000000   Number         0  boardshut.o ABSOLUTE
    ../clib/angel/boardlib.s                 0x00000000   Number         0  boardinit1.o ABSOLUTE
    ../clib/angel/boardlib.s                 0x00000000   Number         0  boardinit3.o ABSOLUTE
    ../clib/angel/boardlib.s                 0x00000000   Number         0  boardinit2.o ABSOLUTE
    ../clib/angel/handlers.s                 0x00000000   Number         0  __scatter_zi.o ABSOLUTE
    ../clib/angel/handlers.s                 0x00000000   Number         0  __scatter_copy.o ABSOLUTE
    ../clib/angel/kernel.s                   0x00000000   Number         0  rtexit.o ABSOLUTE
    ../clib/angel/kernel.s                   0x00000000   Number         0  __rtentry4.o ABSOLUTE
    ../clib/angel/kernel.s                   0x00000000   Number         0  rtexit2.o ABSOLUTE
    ../clib/angel/kernel.s                   0x00000000   Number         0  __rtentry2.o ABSOLUTE
    ../clib/angel/kernel.s                   0x00000000   Number         0  __rtentry.o ABSOLUTE
    ../clib/angel/rt.s                       0x00000000   Number         0  rt_errno_addr_intlibspace.o ABSOLUTE
    ../clib/angel/rt.s                       0x00000000   Number         0  rt_errno_addr.o ABSOLUTE
    ../clib/angel/rt.s                       0x00000000   Number         0  rt_locale_intlibspace.o ABSOLUTE
    ../clib/angel/rt.s                       0x00000000   Number         0  rt_locale.o ABSOLUTE
    ../clib/angel/rt.s                       0x00000000   Number         0  rt_ctype_table.o ABSOLUTE
    ../clib/angel/rt.s                       0x00000000   Number         0  rt_raise.o ABSOLUTE
    ../clib/angel/scatter.s                  0x00000000   Number         0  __scatter.o ABSOLUTE
    ../clib/angel/startup.s                  0x00000000   Number         0  __main.o ABSOLUTE
    ../clib/angel/sys.s                      0x00000000   Number         0  sys_stackheap_outer.o ABSOLUTE
    ../clib/angel/sys.s                      0x00000000   Number         0  libspace.o ABSOLUTE
    ../clib/angel/sys.s                      0x00000000   Number         0  use_no_semi.o ABSOLUTE
    ../clib/angel/sys.s                      0x00000000   Number         0  indicate_semi.o ABSOLUTE
    ../clib/angel/sysapp.c                   0x00000000   Number         0  sys_wrch.o ABSOLUTE
    ../clib/angel/sysapp.c                   0x00000000   Number         0  sys_exit.o ABSOLUTE
    ../clib/angel/sysapp.c                   0x00000000   Number         0  sys_command.o ABSOLUTE
    ../clib/armsys.c                         0x00000000   Number         0  argv_veneer.o ABSOLUTE
    ../clib/armsys.c                         0x00000000   Number         0  _get_argv_nomalloc.o ABSOLUTE
    ../clib/armsys.c                         0x00000000   Number         0  no_argv.o ABSOLUTE
    ../clib/armsys.c                         0x00000000   Number         0  argv_veneer.o ABSOLUTE
    ../clib/bigflt.c                         0x00000000   Number         0  bigflt0.o ABSOLUTE
    ../clib/btod.s                           0x00000000   Number         0  btod.o ABSOLUTE
    ../clib/ctype.c                          0x00000000   Number         0  isspace.o ABSOLUTE
    ../clib/fenv.c                           0x00000000   Number         0  _rserrno.o ABSOLUTE
    ../clib/heapalloc.c                      0x00000000   Number         0  hrguard.o ABSOLUTE
    ../clib/heapaux.c                        0x00000000   Number         0  heapauxi.o ABSOLUTE
    ../clib/libinit.s                        0x00000000   Number         0  libshutdown2.o ABSOLUTE
    ../clib/libinit.s                        0x00000000   Number         0  libshutdown.o ABSOLUTE
    ../clib/libinit.s                        0x00000000   Number         0  libinit.o ABSOLUTE
    ../clib/libinit.s                        0x00000000   Number         0  libinit2.o ABSOLUTE
    ../clib/locale.s                         0x00000000   Number         0  lc_ctype_c.o ABSOLUTE
    ../clib/locale.s                         0x00000000   Number         0  lc_numeric_c.o ABSOLUTE
    ../clib/longlong.s                       0x00000000   Number         0  llshl.o ABSOLUTE
    ../clib/longlong.s                       0x00000000   Number         0  lludiv10.o ABSOLUTE
    ../clib/memcpset.s                       0x00000000   Number         0  rt_memclr.o ABSOLUTE
    ../clib/memcpset.s                       0x00000000   Number         0  strcmpv7m.o ABSOLUTE
    ../clib/memcpset.s                       0x00000000   Number         0  rt_memclr_w.o ABSOLUTE
    ../clib/printf.c                         0x00000000   Number         0  noretval__2sprintf.o ABSOLUTE
    ../clib/printf.c                         0x00000000   Number         0  __printf_ss_wp.o ABSOLUTE
    ../clib/printf.c                         0x00000000   Number         0  __printf_flags_ss_wp.o ABSOLUTE
    ../clib/printf.c                         0x00000000   Number         0  _printf_char_common.o ABSOLUTE
    ../clib/printf.c                         0x00000000   Number         0  _sputc.o ABSOLUTE
    ../clib/printf.c                         0x00000000   Number         0  _printf_fp_infnan.o ABSOLUTE
    ../clib/printf.c                         0x00000000   Number         0  __2sprintf.o ABSOLUTE
    ../clib/printf.c                         0x00000000   Number         0  __printf_nopercent.o ABSOLUTE
    ../clib/printf.c                         0x00000000   Number         0  __printf.o ABSOLUTE
    ../clib/printf.c                         0x00000000   Number         0  __printf_flags.o ABSOLUTE
    ../clib/printf.c                         0x00000000   Number         0  __printf_ss.o ABSOLUTE
    ../clib/printf.c                         0x00000000   Number         0  __printf_flags_ss.o ABSOLUTE
    ../clib/printf.c                         0x00000000   Number         0  __printf_wp.o ABSOLUTE
    ../clib/printf.c                         0x00000000   Number         0  _printf_fp_dec.o ABSOLUTE
    ../clib/printf.c                         0x00000000   Number         0  __printf_flags_wp.o ABSOLUTE
    ../clib/printf_percent.s                 0x00000000   Number         0  _printf_f.o ABSOLUTE
    ../clib/printf_percent.s                 0x00000000   Number         0  _printf_percent_end.o ABSOLUTE
    ../clib/printf_percent.s                 0x00000000   Number         0  _printf_percent.o ABSOLUTE
    ../clib/scanf.c                          0x00000000   Number         0  scanf_fp.o ABSOLUTE
    ../clib/scanf.c                          0x00000000   Number         0  scanf_hexfp.o ABSOLUTE
    ../clib/scanf.c                          0x00000000   Number         0  scanf_infnan.o ABSOLUTE
    ../clib/scanf.c                          0x00000000   Number         0  _sgetc.o ABSOLUTE
    ../clib/scanf.c                          0x00000000   Number         0  strtod.o ABSOLUTE
    ../clib/scanf.c                          0x00000000   Number         0  _chval.o ABSOLUTE
    ../clib/signal.c                         0x00000000   Number         0  defsig_fpe_inner.o ABSOLUTE
    ../clib/signal.c                         0x00000000   Number         0  defsig_other.o ABSOLUTE
    ../clib/signal.c                         0x00000000   Number         0  defsig_segv_inner.o ABSOLUTE
    ../clib/signal.c                         0x00000000   Number         0  defsig_cppl_inner.o ABSOLUTE
    ../clib/signal.c                         0x00000000   Number         0  defsig_pvfn_inner.o ABSOLUTE
    ../clib/signal.c                         0x00000000   Number         0  defsig_stak_inner.o ABSOLUTE
    ../clib/signal.c                         0x00000000   Number         0  defsig_rtred_inner.o ABSOLUTE
    ../clib/signal.c                         0x00000000   Number         0  defsig_rtmem_inner.o ABSOLUTE
    ../clib/signal.c                         0x00000000   Number         0  defsig_abrt_inner.o ABSOLUTE
    ../clib/signal.c                         0x00000000   Number         0  defsig_exit.o ABSOLUTE
    ../clib/signal.c                         0x00000000   Number         0  defsig_general.o ABSOLUTE
    ../clib/signal.c                         0x00000000   Number         0  __raise.o ABSOLUTE
    ../clib/signal.c                         0x00000000   Number         0  defsig_rtmem_formal.o ABSOLUTE
    ../clib/signal.c                         0x00000000   Number         0  defsig_rtmem_outer.o ABSOLUTE
    ../clib/signal.s                         0x00000000   Number         0  defsig.o ABSOLUTE
    ../clib/stdlib.c                         0x00000000   Number         0  exit.o ABSOLUTE
    ../clib/string.c                         0x00000000   Number         0  strcpy.o ABSOLUTE
    ../clib/string.c                         0x00000000   Number         0  strcat.o ABSOLUTE
    ../clib/string.c                         0x00000000   Number         0  strlen.o ABSOLUTE
    ../fplib/d2f.s                           0x00000000   Number         0  d2f.o ABSOLUTE
    ../fplib/daddsub.s                       0x00000000   Number         0  daddsub_clz.o ABSOLUTE
    ../fplib/dcheck1.s                       0x00000000   Number         0  dcheck1.o ABSOLUTE
    ../fplib/dcmpi.s                         0x00000000   Number         0  dcmpi.o ABSOLUTE
    ../fplib/ddiv.s                          0x00000000   Number         0  ddiv.o ABSOLUTE
    ../fplib/deqf.s                          0x00000000   Number         0  deqf.o ABSOLUTE
    ../fplib/dleqf.s                         0x00000000   Number         0  dleqf.o ABSOLUTE
    ../fplib/dmul.s                          0x00000000   Number         0  dmul.o ABSOLUTE
    ../fplib/dnaninf.s                       0x00000000   Number         0  dnaninf.o ABSOLUTE
    ../fplib/dretinf.s                       0x00000000   Number         0  dretinf.o ABSOLUTE
    ../fplib/drleqf.s                        0x00000000   Number         0  drleqf.o ABSOLUTE
    ../fplib/f2d.s                           0x00000000   Number         0  f2d.o ABSOLUTE
    ../fplib/faddsub.s                       0x00000000   Number         0  faddsub_clz.o ABSOLUTE
    ../fplib/ffix.s                          0x00000000   Number         0  ffix.o ABSOLUTE
    ../fplib/fflt.s                          0x00000000   Number         0  fflt_clz.o ABSOLUTE
    ../fplib/fnaninf.s                       0x00000000   Number         0  fnaninf.o ABSOLUTE
    ../fplib/fpconst.s                       0x00000000   Number         0  fpconst.o ABSOLUTE
    ../fplib/fpinit.s                        0x00000000   Number         0  fpinit.o ABSOLUTE
    ../fplib/fretinf.s                       0x00000000   Number         0  fretinf.o ABSOLUTE
    ../fplib/istatus.s                       0x00000000   Number         0  istatus.o ABSOLUTE
    ../fplib/printf1.s                       0x00000000   Number         0  printf1.o ABSOLUTE
    ../fplib/retnan.s                        0x00000000   Number         0  retnan.o ABSOLUTE
    ../fplib/scalbn.s                        0x00000000   Number         0  scalbn.o ABSOLUTE
    ../fplib/scanf1.s                        0x00000000   Number         0  scanf1.o ABSOLUTE
    ../fplib/scanf2.s                        0x00000000   Number         0  scanf2.o ABSOLUTE
    ../fplib/scanf2a.s                       0x00000000   Number         0  scanf2a.o ABSOLUTE
    ../fplib/scanf2b.s                       0x00000000   Number         0  scanf2b.o ABSOLUTE
    ../fplib/trapv.s                         0x00000000   Number         0  trapv.o ABSOLUTE
    ../fplib/usenofp.s                       0x00000000   Number         0  usenofp.o ABSOLUTE
    ../mathlib/atof.c                        0x00000000   Number         0  atof.o ABSOLUTE
    ../mathlib/dunder.c                      0x00000000   Number         0  dunder.o ABSOLUTE
    ../mathlib/fpclassify.c                  0x00000000   Number         0  fpclassify.o ABSOLUTE
    ../mathlib/frexp.c                       0x00000000   Number         0  frexp.o ABSOLUTE
    ../mathlib/ldexp.c                       0x00000000   Number         0  ldexp.o ABSOLUTE
    ../mathlib/ldexp.c                       0x00000000   Number         0  ldexp_x.o ABSOLUTE
    ../mathlib/narrow.c                      0x00000000   Number         0  narrow.o ABSOLUTE
    ../mathlib/qnan.c                        0x00000000   Number         0  qnan.o ABSOLUTE
    APP.c                                    0x00000000   Number         0  app.o ABSOLUTE
    APP.c                                    0x00000000   Number         0  app.o ABSOLUTE
    GPIO.c                                   0x00000000   Number         0  gpio.o ABSOLUTE
    GPIO.c                                   0x00000000   Number         0  gpio.o ABSOLUTE
    GSM.c                                    0x00000000   Number         0  gsm.o ABSOLUTE
    Interrupt.c                              0x00000000   Number         0  interrupt.o ABSOLUTE
    LOG.c                                    0x00000000   Number         0  log.o ABSOLUTE
    RTE\Device\STM32F103C8\startup_stm32f10x_md.s 0x00000000   Number         0  startup_stm32f10x_md.o ABSOLUTE
    RTE\Device\STM32F103C8\system_stm32f10x.c 0x00000000   Number         0  system_stm32f10x.o ABSOLUTE
    RTE\\Device\\STM32F103C8\\system_stm32f10x.c 0x00000000   Number         0  system_stm32f10x.o ABSOLUTE
    SysTickTimer.c                           0x00000000   Number         0  systicktimer.o ABSOLUTE
    SysTickTimer.c                           0x00000000   Number         0  systicktimer.o ABSOLUTE
    UART2.c                                  0x00000000   Number         0  uart2.o ABSOLUTE
    UART2.c                                  0x00000000   Number         0  uart2.o ABSOLUTE
    dc.s                                     0x00000000   Number         0  dc.o ABSOLUTE
    RESET                                    0x08000000   Section      236  startup_stm32f10x_md.o(RESET)
    !!!main                                  0x080000ec   Section        8  __main.o(!!!main)
    !!!scatter                               0x080000f4   Section       52  __scatter.o(!!!scatter)
    !!handler_copy                           0x08000128   Section       26  __scatter_copy.o(!!handler_copy)
    !!handler_zi                             0x08000144   Section       28  __scatter_zi.o(!!handler_zi)
    .ARM.Collect$$_printf_percent$$00000000  0x08000160   Section        0  _printf_percent.o(.ARM.Collect$$_printf_percent$$00000000)
    .ARM.Collect$$_printf_percent$$00000003  0x08000160   Section        6  _printf_f.o(.ARM.Collect$$_printf_percent$$00000003)
    .ARM.Collect$$_printf_percent$$00000017  0x08000166   Section        4  _printf_percent_end.o(.ARM.Collect$$_printf_percent$$00000017)
    .ARM.Collect$$libinit$$00000000          0x0800016a   Section        2  libinit.o(.ARM.Collect$$libinit$$00000000)
    .ARM.Collect$$libinit$$00000002          0x0800016c   Section        0  libinit2.o(.ARM.Collect$$libinit$$00000002)
    .ARM.Collect$$libinit$$00000004          0x0800016c   Section        0  libinit2.o(.ARM.Collect$$libinit$$00000004)
    .ARM.Collect$$libinit$$0000000A          0x0800016c   Section        0  libinit2.o(.ARM.Collect$$libinit$$0000000A)
    .ARM.Collect$$libinit$$0000000C          0x0800016c   Section        0  libinit2.o(.ARM.Collect$$libinit$$0000000C)
    .ARM.Collect$$libinit$$0000000E          0x0800016c   Section        0  libinit2.o(.ARM.Collect$$libinit$$0000000E)
    .ARM.Collect$$libinit$$0000000F          0x0800016c   Section        6  libinit2.o(.ARM.Collect$$libinit$$0000000F)
    .ARM.Collect$$libinit$$00000011          0x08000172   Section        0  libinit2.o(.ARM.Collect$$libinit$$00000011)
    .ARM.Collect$$libinit$$00000012          0x08000172   Section       12  libinit2.o(.ARM.Collect$$libinit$$00000012)
    .ARM.Collect$$libinit$$00000013          0x0800017e   Section        0  libinit2.o(.ARM.Collect$$libinit$$00000013)
    .ARM.Collect$$libinit$$00000015          0x0800017e   Section        0  libinit2.o(.ARM.Collect$$libinit$$00000015)
    .ARM.Collect$$libinit$$00000016          0x0800017e   Section       10  libinit2.o(.ARM.Collect$$libinit$$00000016)
    .ARM.Collect$$libinit$$00000017          0x08000188   Section        0  libinit2.o(.ARM.Collect$$libinit$$00000017)
    .ARM.Collect$$libinit$$00000019          0x08000188   Section        0  libinit2.o(.ARM.Collect$$libinit$$00000019)
    .ARM.Collect$$libinit$$0000001B          0x08000188   Section        0  libinit2.o(.ARM.Collect$$libinit$$0000001B)
    .ARM.Collect$$libinit$$0000001D          0x08000188   Section        0  libinit2.o(.ARM.Collect$$libinit$$0000001D)
    .ARM.Collect$$libinit$$0000001F          0x08000188   Section        0  libinit2.o(.ARM.Collect$$libinit$$0000001F)
    .ARM.Collect$$libinit$$00000021          0x08000188   Section        0  libinit2.o(.ARM.Collect$$libinit$$00000021)
    .ARM.Collect$$libinit$$00000023          0x08000188   Section        0  libinit2.o(.ARM.Collect$$libinit$$00000023)
    .ARM.Collect$$libinit$$00000025          0x08000188   Section        0  libinit2.o(.ARM.Collect$$libinit$$00000025)
    .ARM.Collect$$libinit$$0000002C          0x08000188   Section        0  libinit2.o(.ARM.Collect$$libinit$$0000002C)
    .ARM.Collect$$libinit$$0000002E          0x08000188   Section        0  libinit2.o(.ARM.Collect$$libinit$$0000002E)
    .ARM.Collect$$libinit$$00000030          0x08000188   Section        0  libinit2.o(.ARM.Collect$$libinit$$00000030)
    .ARM.Collect$$libinit$$00000032          0x08000188   Section        0  libinit2.o(.ARM.Collect$$libinit$$00000032)
    .ARM.Collect$$libinit$$00000033          0x08000188   Section        2  libinit2.o(.ARM.Collect$$libinit$$00000033)
    .ARM.Collect$$libshutdown$$00000000      0x0800018a   Section        2  libshutdown.o(.ARM.Collect$$libshutdown$$00000000)
    .ARM.Collect$$libshutdown$$00000002      0x0800018c   Section        0  libshutdown2.o(.ARM.Collect$$libshutdown$$00000002)
    .ARM.Collect$$libshutdown$$00000004      0x0800018c   Section        0  libshutdown2.o(.ARM.Collect$$libshutdown$$00000004)
    .ARM.Collect$$libshutdown$$00000007      0x0800018c   Section        0  libshutdown2.o(.ARM.Collect$$libshutdown$$00000007)
    .ARM.Collect$$libshutdown$$0000000A      0x0800018c   Section        0  libshutdown2.o(.ARM.Collect$$libshutdown$$0000000A)
    .ARM.Collect$$libshutdown$$0000000C      0x0800018c   Section        0  libshutdown2.o(.ARM.Collect$$libshutdown$$0000000C)
    .ARM.Collect$$libshutdown$$0000000F      0x0800018c   Section        0  libshutdown2.o(.ARM.Collect$$libshutdown$$0000000F)
    .ARM.Collect$$libshutdown$$00000010      0x0800018c   Section        2  libshutdown2.o(.ARM.Collect$$libshutdown$$00000010)
    .ARM.Collect$$rtentry$$00000000          0x0800018e   Section        0  __rtentry.o(.ARM.Collect$$rtentry$$00000000)
    .ARM.Collect$$rtentry$$00000002          0x0800018e   Section        0  __rtentry2.o(.ARM.Collect$$rtentry$$00000002)
    .ARM.Collect$$rtentry$$00000004          0x0800018e   Section        6  __rtentry4.o(.ARM.Collect$$rtentry$$00000004)
    .ARM.Collect$$rtentry$$00000009          0x08000194   Section        0  __rtentry2.o(.ARM.Collect$$rtentry$$00000009)
    .ARM.Collect$$rtentry$$0000000A          0x08000194   Section        4  __rtentry2.o(.ARM.Collect$$rtentry$$0000000A)
    .ARM.Collect$$rtentry$$0000000C          0x08000198   Section        0  __rtentry2.o(.ARM.Collect$$rtentry$$0000000C)
    .ARM.Collect$$rtentry$$0000000D          0x08000198   Section        8  __rtentry2.o(.ARM.Collect$$rtentry$$0000000D)
    .ARM.Collect$$rtexit$$00000000           0x080001a0   Section        2  rtexit.o(.ARM.Collect$$rtexit$$00000000)
    .ARM.Collect$$rtexit$$00000002           0x080001a2   Section        0  rtexit2.o(.ARM.Collect$$rtexit$$00000002)
    .ARM.Collect$$rtexit$$00000003           0x080001a2   Section        4  rtexit2.o(.ARM.Collect$$rtexit$$00000003)
    .ARM.Collect$$rtexit$$00000004           0x080001a6   Section        6  rtexit2.o(.ARM.Collect$$rtexit$$00000004)
    .text                                    0x080001ac   Section       64  startup_stm32f10x_md.o(.text)
    .text                                    0x080001ec   Section        0  noretval__2sprintf.o(.text)
    .text                                    0x08000214   Section        0  __printf.o(.text)
    .text                                    0x0800027c   Section        0  strcpy.o(.text)
    .text                                    0x080002c4   Section        0  strlen.o(.text)
    .text                                    0x08000302   Section        0  strcat.o(.text)
    .text                                    0x0800031a   Section       68  rt_memclr.o(.text)
    .text                                    0x0800035e   Section        0  heapauxi.o(.text)
    .text                                    0x08000364   Section        0  _rserrno.o(.text)
    .text                                    0x0800037a   Section        0  _printf_fp_dec.o(.text)
    _fp_digits                               0x0800037d   Thumb Code   432  _printf_fp_dec.o(.text)
    .text                                    0x08000798   Section        0  _printf_char_common.o(.text)
    _printf_input_char                       0x08000799   Thumb Code    10  _printf_char_common.o(.text)
    .text                                    0x080007c8   Section        0  _sputc.o(.text)
    .text                                    0x080007d4   Section        0  strtod.o(.text)
    _local_sscanf                            0x080007d5   Thumb Code    60  strtod.o(.text)
    .text                                    0x08000878   Section       78  rt_memclr_w.o(.text)
    .text                                    0x080008c8   Section        8  rt_locale_intlibspace.o(.text)
    .text                                    0x080008d0   Section        8  rt_errno_addr_intlibspace.o(.text)
    .text                                    0x080008d8   Section      138  lludiv10.o(.text)
    .text                                    0x08000962   Section        0  isspace.o(.text)
    .text                                    0x08000974   Section        0  _printf_fp_infnan.o(.text)
    .text                                    0x080009f4   Section        0  _sgetc.o(.text)
    .text                                    0x08000a34   Section        0  bigflt0.o(.text)
    .text                                    0x08000b18   Section        8  libspace.o(.text)
    .text                                    0x08000b20   Section       74  sys_stackheap_outer.o(.text)
    .text                                    0x08000b6c   Section       16  rt_ctype_table.o(.text)
    .text                                    0x08000b7c   Section        0  scanf_fp.o(.text)
    _fp_value                                0x08000b7d   Thumb Code   588  scanf_fp.o(.text)
    .text                                    0x08001074   Section        0  exit.o(.text)
    .text                                    0x08001088   Section      128  strcmpv7m.o(.text)
    .text                                    0x08001108   Section        0  scanf_hexfp.o(.text)
    .text                                    0x08001428   Section        0  scanf_infnan.o(.text)
    .text                                    0x0800155c   Section        0  sys_exit.o(.text)
    .text                                    0x08001568   Section       38  llshl.o(.text)
    .text                                    0x0800158e   Section        0  _chval.o(.text)
    .text                                    0x080015aa   Section        2  use_no_semi.o(.text)
    .text                                    0x080015ac   Section        0  indicate_semi.o(.text)
    CL$$btod_d2e                             0x080015ac   Section       62  btod.o(CL$$btod_d2e)
    CL$$btod_d2e_denorm_low                  0x080015ea   Section       70  btod.o(CL$$btod_d2e_denorm_low)
    CL$$btod_d2e_norm_op1                    0x08001630   Section       96  btod.o(CL$$btod_d2e_norm_op1)
    CL$$btod_div_common                      0x08001690   Section      824  btod.o(CL$$btod_div_common)
    CL$$btod_e2d                             0x080019c8   Section      132  btod.o(CL$$btod_e2d)
    CL$$btod_e2e                             0x08001a4c   Section      220  btod.o(CL$$btod_e2e)
    CL$$btod_ediv                            0x08001b28   Section       42  btod.o(CL$$btod_ediv)
    CL$$btod_edivd                           0x08001b52   Section       42  btod.o(CL$$btod_edivd)
    CL$$btod_emul                            0x08001b7c   Section       42  btod.o(CL$$btod_emul)
    CL$$btod_emuld                           0x08001ba6   Section       42  btod.o(CL$$btod_emuld)
    CL$$btod_mult_common                     0x08001bd0   Section      580  btod.o(CL$$btod_mult_common)
    i.LOG_DBG                                0x08001e14   Section        0  log.o(i.LOG_DBG)
    i.LOG_WRN                                0x08001e48   Section        0  log.o(i.LOG_WRN)
    i.SetSysClock                            0x08001e7c   Section        0  system_stm32f10x.o(i.SetSysClock)
    SetSysClock                              0x08001e7d   Thumb Code     8  system_stm32f10x.o(i.SetSysClock)
    i.SetSysClockTo72                        0x08001e84   Section        0  system_stm32f10x.o(i.SetSysClockTo72)
    SetSysClockTo72                          0x08001e85   Thumb Code   214  system_stm32f10x.o(i.SetSysClockTo72)
    i.SysTick_init                           0x08001f64   Section        0  systicktimer.o(i.SysTick_init)
    i.SystemInit                             0x08001f7c   Section        0  system_stm32f10x.o(i.SystemInit)
    i.USART2_IRQHandler                      0x08001fdc   Section        0  interrupt.o(i.USART2_IRQHandler)
    i.__ARM_fpclassify                       0x08001fe4   Section        0  fpclassify.o(i.__ARM_fpclassify)
    i.__mathlib_dbl_overflow                 0x0800200c   Section        0  dunder.o(i.__mathlib_dbl_overflow)
    i.__mathlib_dbl_underflow                0x0800201c   Section        0  dunder.o(i.__mathlib_dbl_underflow)
    i.__mathlib_narrow                       0x0800202c   Section        0  narrow.o(i.__mathlib_narrow)
    i.__mathlib_tofloat                      0x0800203c   Section        0  narrow.o(i.__mathlib_tofloat)
    i.__support_ldexp                        0x080020f8   Section        0  ldexp.o(i.__support_ldexp)
    i._is_digit                              0x0800210e   Section        0  __printf_wp.o(i._is_digit)
    i.atof                                   0x0800211c   Section        0  atof.o(i.atof)
    i.convert_to_degrees                     0x08002148   Section        0  gsm.o(i.convert_to_degrees)
    i.frexp                                  0x080021e0   Section        0  frexp.o(i.frexp)
    i.get_gsm_string                         0x08002238   Section        0  gsm.o(i.get_gsm_string)
    i.get_latitude                           0x080022f8   Section        0  gsm.o(i.get_latitude)
    i.get_longitude                          0x0800234c   Section        0  gsm.o(i.get_longitude)
    i.ldexp                                  0x080023a0   Section        0  ldexp.o(i.ldexp)
    i.main                                   0x08002414   Section        0  app.o(i.main)
    i.ms_delay                               0x080024e0   Section        0  systicktimer.o(i.ms_delay)
    i.s_delay                                0x0800250c   Section        0  systicktimer.o(i.s_delay)
    i.uart2_Rx                               0x08002520   Section        0  uart2.o(i.uart2_Rx)
    i.uart2_Tx                               0x0800253c   Section        0  uart2.o(i.uart2_Tx)
    i.uart2_init                             0x08002564   Section        0  uart2.o(i.uart2_init)
    locale$$code                             0x08002610   Section       44  lc_numeric_c.o(locale$$code)
    locale$$code                             0x0800263c   Section       44  lc_ctype_c.o(locale$$code)
    x$fpl$d2f                                0x08002668   Section       98  d2f.o(x$fpl$d2f)
    x$fpl$dcheck1                            0x080026cc   Section       16  dcheck1.o(x$fpl$dcheck1)
    x$fpl$dcmpinf                            0x080026dc   Section       24  dcmpi.o(x$fpl$dcmpinf)
    x$fpl$ddiv                               0x080026f4   Section      688  ddiv.o(x$fpl$ddiv)
    ddiv_entry                               0x080026fb   Thumb Code     0  ddiv.o(x$fpl$ddiv)
    x$fpl$deqf                               0x080029a4   Section      120  deqf.o(x$fpl$deqf)
    x$fpl$dleqf                              0x08002a1c   Section      120  dleqf.o(x$fpl$dleqf)
    x$fpl$dnaninf                            0x08002a94   Section      156  dnaninf.o(x$fpl$dnaninf)
    x$fpl$dretinf                            0x08002b30   Section       12  dretinf.o(x$fpl$dretinf)
    x$fpl$drleqf                             0x08002b3c   Section      108  drleqf.o(x$fpl$drleqf)
    x$fpl$f2d                                0x08002ba8   Section       86  f2d.o(x$fpl$f2d)
    x$fpl$fadd                               0x08002c00   Section      196  faddsub_clz.o(x$fpl$fadd)
    _fadd1                                   0x08002c0f   Thumb Code     0  faddsub_clz.o(x$fpl$fadd)
    x$fpl$ffix                               0x08002cc4   Section       54  ffix.o(x$fpl$ffix)
    x$fpl$fflt                               0x08002cfc   Section       48  fflt_clz.o(x$fpl$fflt)
    x$fpl$fnaninf                            0x08002d2c   Section      140  fnaninf.o(x$fpl$fnaninf)
    x$fpl$fretinf                            0x08002db8   Section       10  fretinf.o(x$fpl$fretinf)
    x$fpl$frsb                               0x08002dc2   Section       20  faddsub_clz.o(x$fpl$frsb)
    x$fpl$fsub                               0x08002dd8   Section      234  faddsub_clz.o(x$fpl$fsub)
    _fsub1                                   0x08002de7   Thumb Code     0  faddsub_clz.o(x$fpl$fsub)
    x$fpl$ieeestatus                         0x08002ec2   Section        6  istatus.o(x$fpl$ieeestatus)
    x$fpl$printf1                            0x08002ec8   Section        4  printf1.o(x$fpl$printf1)
    x$fpl$retnan                             0x08002ecc   Section      100  retnan.o(x$fpl$retnan)
    x$fpl$scalbn                             0x08002f30   Section       92  scalbn.o(x$fpl$scalbn)
    x$fpl$scanf1                             0x08002f8c   Section        4  scanf1.o(x$fpl$scanf1)
    x$fpl$scanf2                             0x08002f90   Section        8  scanf2.o(x$fpl$scanf2)
    x$fpl$trapveneer                         0x08002f98   Section       48  trapv.o(x$fpl$trapveneer)
    .constdata                               0x08002fc8   Section      148  bigflt0.o(.constdata)
    x$fpl$usenofp                            0x08002fc8   Section        0  usenofp.o(x$fpl$usenofp)
    tenpwrs_x                                0x08002fc8   Data          60  bigflt0.o(.constdata)
    tenpwrs_i                                0x08003004   Data          64  bigflt0.o(.constdata)
    c$$dinf                                  0x0800307c   Section        8  fpconst.o(c$$dinf)
    c$$dmax                                  0x08003084   Section        8  fpconst.o(c$$dmax)
    locale$$data                             0x0800308c   Section       28  lc_numeric_c.o(locale$$data)
    __lcnum_c_name                           0x08003090   Data           2  lc_numeric_c.o(locale$$data)
    __lcnum_c_start                          0x08003098   Data           0  lc_numeric_c.o(locale$$data)
    __lcnum_c_point                          0x080030a4   Data           0  lc_numeric_c.o(locale$$data)
    __lcnum_c_thousands                      0x080030a6   Data           0  lc_numeric_c.o(locale$$data)
    __lcnum_c_grouping                       0x080030a7   Data           0  lc_numeric_c.o(locale$$data)
    locale$$data                             0x080030a8   Section      272  lc_ctype_c.o(locale$$data)
    __lcnum_c_end                            0x080030a8   Data           0  lc_numeric_c.o(locale$$data)
    __lcctype_c_name                         0x080030ac   Data           2  lc_ctype_c.o(locale$$data)
    __lcctype_c_start                        0x080030b4   Data           0  lc_ctype_c.o(locale$$data)
    __lcctype_c_end                          0x080031b8   Data           0  lc_ctype_c.o(locale$$data)
    .data                                    0x20000000   Section       28  app.o(.data)
    .data                                    0x2000001c   Section       24  gsm.o(.data)
    .bss                                     0x20000034   Section      100  app.o(.bss)
    .bss                                     0x20000098   Section      186  gsm.o(.bss)
    .bss                                     0x20000154   Section       96  libspace.o(.bss)
    HEAP                                     0x200001b8   Section      512  startup_stm32f10x_md.o(HEAP)
    Heap_Mem                                 0x200001b8   Data         512  startup_stm32f10x_md.o(HEAP)
    STACK                                    0x200003b8   Section     1024  startup_stm32f10x_md.o(STACK)
    Stack_Mem                                0x200003b8   Data        1024  startup_stm32f10x_md.o(STACK)
    __initial_sp                             0x200007b8   Data           0  startup_stm32f10x_md.o(STACK)

    Global Symbols

    Symbol Name                              Value     Ov Type        Size  Object(Section)

    BuildAttributes$$THM_ISAv4$P$D$K$B$S$PE$A:L22UL41UL21$X:L11$S22US41US21$IEEE1$IW$USESV6$~STKCKD$USESV7$~SHL$OTIME$ROPI$IEEEX$EBA8$UX$STANDARDLIB$REQ8$PRES8$EABIv2 0x00000000   Number         0  anon$$obj.o ABSOLUTE
    __ARM_use_no_argv                        0x00000000   Number         0  app.o ABSOLUTE
    __ARM_exceptions_init                     - Undefined Weak Reference
    __alloca_initialize                       - Undefined Weak Reference
    __arm_preinit_                            - Undefined Weak Reference
    __cpp_initialize__aeabi_                  - Undefined Weak Reference
    __cxa_finalize                            - Undefined Weak Reference
    __sigvec_lookup                           - Undefined Weak Reference
    _atexit_init                              - Undefined Weak Reference
    _call_atexit_fns                          - Undefined Weak Reference
    _clock_init                               - Undefined Weak Reference
    _fp_trap_init                             - Undefined Weak Reference
    _fp_trap_shutdown                         - Undefined Weak Reference
    _get_lc_collate                           - Undefined Weak Reference
    _get_lc_monetary                          - Undefined Weak Reference
    _get_lc_time                              - Undefined Weak Reference
    _getenv_init                              - Undefined Weak Reference
    _handle_redirection                       - Undefined Weak Reference
    _init_alloc                               - Undefined Weak Reference
    _init_user_alloc                          - Undefined Weak Reference
    _initio                                   - Undefined Weak Reference
    _printf_post_padding                      - Undefined Weak Reference
    _printf_pre_padding                       - Undefined Weak Reference
    _rand_init                                - Undefined Weak Reference
    _signal_finish                            - Undefined Weak Reference
    _signal_init                              - Undefined Weak Reference
    _terminate_alloc                          - Undefined Weak Reference
    _terminate_user_alloc                     - Undefined Weak Reference
    _terminateio                              - Undefined Weak Reference
    __Vectors_Size                           0x000000ec   Number         0  startup_stm32f10x_md.o ABSOLUTE
    __Vectors                                0x08000000   Data           4  startup_stm32f10x_md.o(RESET)
    __Vectors_End                            0x080000ec   Data           0  startup_stm32f10x_md.o(RESET)
    __main                                   0x080000ed   Thumb Code     8  __main.o(!!!main)
    __scatterload                            0x080000f5   Thumb Code     0  __scatter.o(!!!scatter)
    __scatterload_rt2                        0x080000f5   Thumb Code    44  __scatter.o(!!!scatter)
    __scatterload_rt2_thumb_only             0x080000f5   Thumb Code     0  __scatter.o(!!!scatter)
    __scatterload_null                       0x08000103   Thumb Code     0  __scatter.o(!!!scatter)
    __scatterload_copy                       0x08000129   Thumb Code    26  __scatter_copy.o(!!handler_copy)
    __scatterload_zeroinit                   0x08000145   Thumb Code    28  __scatter_zi.o(!!handler_zi)
    _printf_f                                0x08000161   Thumb Code     0  _printf_f.o(.ARM.Collect$$_printf_percent$$00000003)
    _printf_percent                          0x08000161   Thumb Code     0  _printf_percent.o(.ARM.Collect$$_printf_percent$$00000000)
    _printf_percent_end                      0x08000167   Thumb Code     0  _printf_percent_end.o(.ARM.Collect$$_printf_percent$$00000017)
    __rt_lib_init                            0x0800016b   Thumb Code     0  libinit.o(.ARM.Collect$$libinit$$00000000)
    __rt_lib_init_fp_1                       0x0800016d   Thumb Code     0  libinit2.o(.ARM.Collect$$libinit$$00000002)
    __rt_lib_init_heap_1                     0x0800016d   Thumb Code     0  libinit2.o(.ARM.Collect$$libinit$$0000000A)
    __rt_lib_init_lc_common                  0x0800016d   Thumb Code     0  libinit2.o(.ARM.Collect$$libinit$$0000000F)
    __rt_lib_init_preinit_1                  0x0800016d   Thumb Code     0  libinit2.o(.ARM.Collect$$libinit$$00000004)
    __rt_lib_init_rand_1                     0x0800016d   Thumb Code     0  libinit2.o(.ARM.Collect$$libinit$$0000000E)
    __rt_lib_init_user_alloc_1               0x0800016d   Thumb Code     0  libinit2.o(.ARM.Collect$$libinit$$0000000C)
    __rt_lib_init_lc_collate_1               0x08000173   Thumb Code     0  libinit2.o(.ARM.Collect$$libinit$$00000011)
    __rt_lib_init_lc_ctype_2                 0x08000173   Thumb Code     0  libinit2.o(.ARM.Collect$$libinit$$00000012)
    __rt_lib_init_lc_ctype_1                 0x0800017f   Thumb Code     0  libinit2.o(.ARM.Collect$$libinit$$00000013)
    __rt_lib_init_lc_monetary_1              0x0800017f   Thumb Code     0  libinit2.o(.ARM.Collect$$libinit$$00000015)
    __rt_lib_init_lc_numeric_2               0x0800017f   Thumb Code     0  libinit2.o(.ARM.Collect$$libinit$$00000016)
    __rt_lib_init_alloca_1                   0x08000189   Thumb Code     0  libinit2.o(.ARM.Collect$$libinit$$0000002E)
    __rt_lib_init_argv_1                     0x08000189   Thumb Code     0  libinit2.o(.ARM.Collect$$libinit$$0000002C)
    __rt_lib_init_atexit_1                   0x08000189   Thumb Code     0  libinit2.o(.ARM.Collect$$libinit$$0000001B)
    __rt_lib_init_clock_1                    0x08000189   Thumb Code     0  libinit2.o(.ARM.Collect$$libinit$$00000021)
    __rt_lib_init_cpp_1                      0x08000189   Thumb Code     0  libinit2.o(.ARM.Collect$$libinit$$00000032)
    __rt_lib_init_exceptions_1               0x08000189   Thumb Code     0  libinit2.o(.ARM.Collect$$libinit$$00000030)
    __rt_lib_init_fp_trap_1                  0x08000189   Thumb Code     0  libinit2.o(.ARM.Collect$$libinit$$0000001F)
    __rt_lib_init_getenv_1                   0x08000189   Thumb Code     0  libinit2.o(.ARM.Collect$$libinit$$00000023)
    __rt_lib_init_lc_numeric_1               0x08000189   Thumb Code     0  libinit2.o(.ARM.Collect$$libinit$$00000017)
    __rt_lib_init_lc_time_1                  0x08000189   Thumb Code     0  libinit2.o(.ARM.Collect$$libinit$$00000019)
    __rt_lib_init_return                     0x08000189   Thumb Code     0  libinit2.o(.ARM.Collect$$libinit$$00000033)
    __rt_lib_init_signal_1                   0x08000189   Thumb Code     0  libinit2.o(.ARM.Collect$$libinit$$0000001D)
    __rt_lib_init_stdio_1                    0x08000189   Thumb Code     0  libinit2.o(.ARM.Collect$$libinit$$00000025)
    __rt_lib_shutdown                        0x0800018b   Thumb Code     0  libshutdown.o(.ARM.Collect$$libshutdown$$00000000)
    __rt_lib_shutdown_cpp_1                  0x0800018d   Thumb Code     0  libshutdown2.o(.ARM.Collect$$libshutdown$$00000002)
    __rt_lib_shutdown_fp_trap_1              0x0800018d   Thumb Code     0  libshutdown2.o(.ARM.Collect$$libshutdown$$00000007)
    __rt_lib_shutdown_heap_1                 0x0800018d   Thumb Code     0  libshutdown2.o(.ARM.Collect$$libshutdown$$0000000F)
    __rt_lib_shutdown_return                 0x0800018d   Thumb Code     0  libshutdown2.o(.ARM.Collect$$libshutdown$$00000010)
    __rt_lib_shutdown_signal_1               0x0800018d   Thumb Code     0  libshutdown2.o(.ARM.Collect$$libshutdown$$0000000A)
    __rt_lib_shutdown_stdio_1                0x0800018d   Thumb Code     0  libshutdown2.o(.ARM.Collect$$libshutdown$$00000004)
    __rt_lib_shutdown_user_alloc_1           0x0800018d   Thumb Code     0  libshutdown2.o(.ARM.Collect$$libshutdown$$0000000C)
    __rt_entry                               0x0800018f   Thumb Code     0  __rtentry.o(.ARM.Collect$$rtentry$$00000000)
    __rt_entry_presh_1                       0x0800018f   Thumb Code     0  __rtentry2.o(.ARM.Collect$$rtentry$$00000002)
    __rt_entry_sh                            0x0800018f   Thumb Code     0  __rtentry4.o(.ARM.Collect$$rtentry$$00000004)
    __rt_entry_li                            0x08000195   Thumb Code     0  __rtentry2.o(.ARM.Collect$$rtentry$$0000000A)
    __rt_entry_postsh_1                      0x08000195   Thumb Code     0  __rtentry2.o(.ARM.Collect$$rtentry$$00000009)
    __rt_entry_main                          0x08000199   Thumb Code     0  __rtentry2.o(.ARM.Collect$$rtentry$$0000000D)
    __rt_entry_postli_1                      0x08000199   Thumb Code     0  __rtentry2.o(.ARM.Collect$$rtentry$$0000000C)
    __rt_exit                                0x080001a1   Thumb Code     0  rtexit.o(.ARM.Collect$$rtexit$$00000000)
    __rt_exit_ls                             0x080001a3   Thumb Code     0  rtexit2.o(.ARM.Collect$$rtexit$$00000003)
    __rt_exit_prels_1                        0x080001a3   Thumb Code     0  rtexit2.o(.ARM.Collect$$rtexit$$00000002)
    __rt_exit_exit                           0x080001a7   Thumb Code     0  rtexit2.o(.ARM.Collect$$rtexit$$00000004)
    Reset_Handler                            0x080001ad   Thumb Code     8  startup_stm32f10x_md.o(.text)
    NMI_Handler                              0x080001b5   Thumb Code     2  startup_stm32f10x_md.o(.text)
    HardFault_Handler                        0x080001b7   Thumb Code     2  startup_stm32f10x_md.o(.text)
    MemManage_Handler                        0x080001b9   Thumb Code     2  startup_stm32f10x_md.o(.text)
    BusFault_Handler                         0x080001bb   Thumb Code     2  startup_stm32f10x_md.o(.text)
    UsageFault_Handler                       0x080001bd   Thumb Code     2  startup_stm32f10x_md.o(.text)
    SVC_Handler                              0x080001bf   Thumb Code     2  startup_stm32f10x_md.o(.text)
    DebugMon_Handler                         0x080001c1   Thumb Code     2  startup_stm32f10x_md.o(.text)
    PendSV_Handler                           0x080001c3   Thumb Code     2  startup_stm32f10x_md.o(.text)
    SysTick_Handler                          0x080001c5   Thumb Code     2  startup_stm32f10x_md.o(.text)
    ADC1_2_IRQHandler                        0x080001c7   Thumb Code     0  startup_stm32f10x_md.o(.text)
    CAN1_RX1_IRQHandler                      0x080001c7   Thumb Code     0  startup_stm32f10x_md.o(.text)
    CAN1_SCE_IRQHandler                      0x080001c7   Thumb Code     0  startup_stm32f10x_md.o(.text)
    DMA1_Channel1_IRQHandler                 0x080001c7   Thumb Code     0  startup_stm32f10x_md.o(.text)
    DMA1_Channel2_IRQHandler                 0x080001c7   Thumb Code     0  startup_stm32f10x_md.o(.text)
    DMA1_Channel3_IRQHandler                 0x080001c7   Thumb Code     0  startup_stm32f10x_md.o(.text)
    DMA1_Channel4_IRQHandler                 0x080001c7   Thumb Code     0  startup_stm32f10x_md.o(.text)
    DMA1_Channel5_IRQHandler                 0x080001c7   Thumb Code     0  startup_stm32f10x_md.o(.text)
    DMA1_Channel6_IRQHandler                 0x080001c7   Thumb Code     0  startup_stm32f10x_md.o(.text)
    DMA1_Channel7_IRQHandler                 0x080001c7   Thumb Code     0  startup_stm32f10x_md.o(.text)
    EXTI0_IRQHandler                         0x080001c7   Thumb Code     0  startup_stm32f10x_md.o(.text)
    EXTI15_10_IRQHandler                     0x080001c7   Thumb Code     0  startup_stm32f10x_md.o(.text)
    EXTI1_IRQHandler                         0x080001c7   Thumb Code     0  startup_stm32f10x_md.o(.text)
    EXTI2_IRQHandler                         0x080001c7   Thumb Code     0  startup_stm32f10x_md.o(.text)
    EXTI3_IRQHandler                         0x080001c7   Thumb Code     0  startup_stm32f10x_md.o(.text)
    EXTI4_IRQHandler                         0x080001c7   Thumb Code     0  startup_stm32f10x_md.o(.text)
    EXTI9_5_IRQHandler                       0x080001c7   Thumb Code     0  startup_stm32f10x_md.o(.text)
    FLASH_IRQHandler                         0x080001c7   Thumb Code     0  startup_stm32f10x_md.o(.text)
    I2C1_ER_IRQHandler                       0x080001c7   Thumb Code     0  startup_stm32f10x_md.o(.text)
    I2C1_EV_IRQHandler                       0x080001c7   Thumb Code     0  startup_stm32f10x_md.o(.text)
    I2C2_ER_IRQHandler                       0x080001c7   Thumb Code     0  startup_stm32f10x_md.o(.text)
    I2C2_EV_IRQHandler                       0x080001c7   Thumb Code     0  startup_stm32f10x_md.o(.text)
    PVD_IRQHandler                           0x080001c7   Thumb Code     0  startup_stm32f10x_md.o(.text)
    RCC_IRQHandler                           0x080001c7   Thumb Code     0  startup_stm32f10x_md.o(.text)
    RTCAlarm_IRQHandler                      0x080001c7   Thumb Code     0  startup_stm32f10x_md.o(.text)
    RTC_IRQHandler                           0x080001c7   Thumb Code     0  startup_stm32f10x_md.o(.text)
    SPI1_IRQHandler                          0x080001c7   Thumb Code     0  startup_stm32f10x_md.o(.text)
    SPI2_IRQHandler                          0x080001c7   Thumb Code     0  startup_stm32f10x_md.o(.text)
    TAMPER_IRQHandler                        0x080001c7   Thumb Code     0  startup_stm32f10x_md.o(.text)
    TIM1_BRK_IRQHandler                      0x080001c7   Thumb Code     0  startup_stm32f10x_md.o(.text)
    TIM1_CC_IRQHandler                       0x080001c7   Thumb Code     0  startup_stm32f10x_md.o(.text)
    TIM1_TRG_COM_IRQHandler                  0x080001c7   Thumb Code     0  startup_stm32f10x_md.o(.text)
    TIM1_UP_IRQHandler                       0x080001c7   Thumb Code     0  startup_stm32f10x_md.o(.text)
    TIM2_IRQHandler                          0x080001c7   Thumb Code     0  startup_stm32f10x_md.o(.text)
    TIM3_IRQHandler                          0x080001c7   Thumb Code     0  startup_stm32f10x_md.o(.text)
    TIM4_IRQHandler                          0x080001c7   Thumb Code     0  startup_stm32f10x_md.o(.text)
    USART1_IRQHandler                        0x080001c7   Thumb Code     0  startup_stm32f10x_md.o(.text)
    USART3_IRQHandler                        0x080001c7   Thumb Code     0  startup_stm32f10x_md.o(.text)
    USBWakeUp_IRQHandler                     0x080001c7   Thumb Code     0  startup_stm32f10x_md.o(.text)
    USB_HP_CAN1_TX_IRQHandler                0x080001c7   Thumb Code     0  startup_stm32f10x_md.o(.text)
    USB_LP_CAN1_RX0_IRQHandler               0x080001c7   Thumb Code     0  startup_stm32f10x_md.o(.text)
    WWDG_IRQHandler                          0x080001c7   Thumb Code     0  startup_stm32f10x_md.o(.text)
    __user_initial_stackheap                 0x080001c9   Thumb Code     0  startup_stm32f10x_md.o(.text)
    __2sprintf                               0x080001ed   Thumb Code    34  noretval__2sprintf.o(.text)
    __printf                                 0x08000215   Thumb Code   104  __printf.o(.text)
    strcpy                                   0x0800027d   Thumb Code    72  strcpy.o(.text)
    strlen                                   0x080002c5   Thumb Code    62  strlen.o(.text)
    strcat                                   0x08000303   Thumb Code    24  strcat.o(.text)
    __aeabi_memclr                           0x0800031b   Thumb Code     0  rt_memclr.o(.text)
    __rt_memclr                              0x0800031b   Thumb Code    68  rt_memclr.o(.text)
    _memset                                  0x0800031f   Thumb Code     0  rt_memclr.o(.text)
    __use_two_region_memory                  0x0800035f   Thumb Code     2  heapauxi.o(.text)
    __rt_heap_escrow$2region                 0x08000361   Thumb Code     2  heapauxi.o(.text)
    __rt_heap_expand$2region                 0x08000363   Thumb Code     2  heapauxi.o(.text)
    __read_errno                             0x08000365   Thumb Code    10  _rserrno.o(.text)
    __set_errno                              0x0800036f   Thumb Code    12  _rserrno.o(.text)
    __lib_sel_fp_printf                      0x0800037b   Thumb Code     2  _printf_fp_dec.o(.text)
    _printf_fp_dec_real                      0x0800052d   Thumb Code   620  _printf_fp_dec.o(.text)
    _printf_char_common                      0x080007a3   Thumb Code    32  _printf_char_common.o(.text)
    _sputc                                   0x080007c9   Thumb Code    10  _sputc.o(.text)
    __strtod_int                             0x08000811   Thumb Code    90  strtod.o(.text)
    __aeabi_memclr4                          0x08000879   Thumb Code     0  rt_memclr_w.o(.text)
    __aeabi_memclr8                          0x08000879   Thumb Code     0  rt_memclr_w.o(.text)
    __rt_memclr_w                            0x08000879   Thumb Code    78  rt_memclr_w.o(.text)
    _memset_w                                0x0800087d   Thumb Code     0  rt_memclr_w.o(.text)
    __rt_locale                              0x080008c9   Thumb Code     8  rt_locale_intlibspace.o(.text)
    __aeabi_errno_addr                       0x080008d1   Thumb Code     8  rt_errno_addr_intlibspace.o(.text)
    __errno$intlibspace                      0x080008d1   Thumb Code     0  rt_errno_addr_intlibspace.o(.text)
    __rt_errno_addr$intlibspace              0x080008d1   Thumb Code     0  rt_errno_addr_intlibspace.o(.text)
    _ll_udiv10                               0x080008d9   Thumb Code   138  lludiv10.o(.text)
    isspace                                  0x08000963   Thumb Code    18  isspace.o(.text)
    _printf_fp_infnan                        0x08000975   Thumb Code   112  _printf_fp_infnan.o(.text)
    _sgetc                                   0x080009f5   Thumb Code    30  _sgetc.o(.text)
    _sbackspace                              0x08000a13   Thumb Code    34  _sgetc.o(.text)
    _btod_etento                             0x08000a35   Thumb Code   224  bigflt0.o(.text)
    __user_libspace                          0x08000b19   Thumb Code     8  libspace.o(.text)
    __user_perproc_libspace                  0x08000b19   Thumb Code     0  libspace.o(.text)
    __user_perthread_libspace                0x08000b19   Thumb Code     0  libspace.o(.text)
    __user_setup_stackheap                   0x08000b21   Thumb Code    74  sys_stackheap_outer.o(.text)
    __rt_ctype_table                         0x08000b6d   Thumb Code    16  rt_ctype_table.o(.text)
    _scanf_really_real                       0x08000dc9   Thumb Code   684  scanf_fp.o(.text)
    exit                                     0x08001075   Thumb Code    18  exit.o(.text)
    strcmp                                   0x08001089   Thumb Code   128  strcmpv7m.o(.text)
    _scanf_really_hex_real                   0x08001109   Thumb Code   786  scanf_hexfp.o(.text)
    _scanf_really_infnan                     0x08001429   Thumb Code   292  scanf_infnan.o(.text)
    _sys_exit                                0x0800155d   Thumb Code     8  sys_exit.o(.text)
    __aeabi_llsl                             0x08001569   Thumb Code     0  llshl.o(.text)
    _ll_shift_l                              0x08001569   Thumb Code    38  llshl.o(.text)
    _chval                                   0x0800158f   Thumb Code    28  _chval.o(.text)
    __I$use$semihosting                      0x080015ab   Thumb Code     0  use_no_semi.o(.text)
    __use_no_semihosting_swi                 0x080015ab   Thumb Code     2  use_no_semi.o(.text)
    __semihosting_library_function           0x080015ad   Thumb Code     0  indicate_semi.o(.text)
    _btod_d2e                                0x080015ad   Thumb Code    62  btod.o(CL$$btod_d2e)
    _d2e_denorm_low                          0x080015eb   Thumb Code    70  btod.o(CL$$btod_d2e_denorm_low)
    _d2e_norm_op1                            0x08001631   Thumb Code    96  btod.o(CL$$btod_d2e_norm_op1)
    __btod_div_common                        0x08001691   Thumb Code   696  btod.o(CL$$btod_div_common)
    _e2d                                     0x080019c9   Thumb Code   122  btod.o(CL$$btod_e2d)
    _e2e                                     0x08001a4d   Thumb Code   220  btod.o(CL$$btod_e2e)
    _btod_ediv                               0x08001b29   Thumb Code    42  btod.o(CL$$btod_ediv)
    _btod_edivd                              0x08001b53   Thumb Code    42  btod.o(CL$$btod_edivd)
    _btod_emul                               0x08001b7d   Thumb Code    42  btod.o(CL$$btod_emul)
    _btod_emuld                              0x08001ba7   Thumb Code    42  btod.o(CL$$btod_emuld)
    __btod_mult_common                       0x08001bd1   Thumb Code   580  btod.o(CL$$btod_mult_common)
    LOG_DBG                                  0x08001e15   Thumb Code    30  log.o(i.LOG_DBG)
    LOG_WRN                                  0x08001e49   Thumb Code    30  log.o(i.LOG_WRN)
    SysTick_init                             0x08001f65   Thumb Code    24  systicktimer.o(i.SysTick_init)
    SystemInit                               0x08001f7d   Thumb Code    78  system_stm32f10x.o(i.SystemInit)
    USART2_IRQHandler                        0x08001fdd   Thumb Code     8  interrupt.o(i.USART2_IRQHandler)
    __ARM_fpclassify                         0x08001fe5   Thumb Code    40  fpclassify.o(i.__ARM_fpclassify)
    __mathlib_dbl_overflow                   0x0800200d   Thumb Code    14  dunder.o(i.__mathlib_dbl_overflow)
    __mathlib_dbl_underflow                  0x0800201d   Thumb Code    10  dunder.o(i.__mathlib_dbl_underflow)
    __mathlib_narrow                         0x0800202d   Thumb Code    16  narrow.o(i.__mathlib_narrow)
    __mathlib_tofloat                        0x0800203d   Thumb Code   184  narrow.o(i.__mathlib_tofloat)
    __support_ldexp                          0x080020f9   Thumb Code    22  ldexp.o(i.__support_ldexp)
    _is_digit                                0x0800210f   Thumb Code    14  __printf_wp.o(i._is_digit)
    atof                                     0x0800211d   Thumb Code    42  atof.o(i.atof)
    convert_to_degrees                       0x08002149   Thumb Code   134  gsm.o(i.convert_to_degrees)
    frexp                                    0x080021e1   Thumb Code    80  frexp.o(i.frexp)
    get_gsm_string                           0x08002239   Thumb Code   162  gsm.o(i.get_gsm_string)
    get_latitude                             0x080022f9   Thumb Code    66  gsm.o(i.get_latitude)
    get_longitude                            0x0800234d   Thumb Code    66  gsm.o(i.get_longitude)
    ldexp                                    0x080023a1   Thumb Code   116  ldexp.o(i.ldexp)
    main                                     0x08002415   Thumb Code   138  app.o(i.main)
    ms_delay                                 0x080024e1   Thumb Code    40  systicktimer.o(i.ms_delay)
    s_delay                                  0x0800250d   Thumb Code    20  systicktimer.o(i.s_delay)
    uart2_Rx                                 0x08002521   Thumb Code    24  uart2.o(i.uart2_Rx)
    uart2_Tx                                 0x0800253d   Thumb Code    34  uart2.o(i.uart2_Tx)
    uart2_init                               0x08002565   Thumb Code   160  uart2.o(i.uart2_init)
    _get_lc_numeric                          0x08002611   Thumb Code    44  lc_numeric_c.o(locale$$code)
    _get_lc_ctype                            0x0800263d   Thumb Code    44  lc_ctype_c.o(locale$$code)
    __aeabi_d2f                              0x08002669   Thumb Code     0  d2f.o(x$fpl$d2f)
    _d2f                                     0x08002669   Thumb Code    98  d2f.o(x$fpl$d2f)
    __fpl_dcheck_NaN1                        0x080026cd   Thumb Code    10  dcheck1.o(x$fpl$dcheck1)
    __fpl_dcmp_Inf                           0x080026dd   Thumb Code    24  dcmpi.o(x$fpl$dcmpinf)
    __aeabi_ddiv                             0x080026f5   Thumb Code     0  ddiv.o(x$fpl$ddiv)
    _ddiv                                    0x080026f5   Thumb Code   552  ddiv.o(x$fpl$ddiv)
    __aeabi_cdcmpeq                          0x080029a5   Thumb Code     0  deqf.o(x$fpl$deqf)
    _dcmpeq                                  0x080029a5   Thumb Code   120  deqf.o(x$fpl$deqf)
    __aeabi_cdcmple                          0x08002a1d   Thumb Code     0  dleqf.o(x$fpl$dleqf)
    _dcmple                                  0x08002a1d   Thumb Code   120  dleqf.o(x$fpl$dleqf)
    __fpl_dcmple_InfNaN                      0x08002a7f   Thumb Code     0  dleqf.o(x$fpl$dleqf)
    __fpl_dnaninf                            0x08002a95   Thumb Code   156  dnaninf.o(x$fpl$dnaninf)
    __fpl_dretinf                            0x08002b31   Thumb Code    12  dretinf.o(x$fpl$dretinf)
    __aeabi_cdrcmple                         0x08002b3d   Thumb Code     0  drleqf.o(x$fpl$drleqf)
    _drcmple                                 0x08002b3d   Thumb Code   108  drleqf.o(x$fpl$drleqf)
    __aeabi_f2d                              0x08002ba9   Thumb Code     0  f2d.o(x$fpl$f2d)
    _f2d                                     0x08002ba9   Thumb Code    86  f2d.o(x$fpl$f2d)
    __aeabi_fadd                             0x08002c01   Thumb Code     0  faddsub_clz.o(x$fpl$fadd)
    _fadd                                    0x08002c01   Thumb Code   196  faddsub_clz.o(x$fpl$fadd)
    __aeabi_f2iz                             0x08002cc5   Thumb Code     0  ffix.o(x$fpl$ffix)
    _ffix                                    0x08002cc5   Thumb Code    54  ffix.o(x$fpl$ffix)
    __aeabi_i2f                              0x08002cfd   Thumb Code     0  fflt_clz.o(x$fpl$fflt)
    _fflt                                    0x08002cfd   Thumb Code    48  fflt_clz.o(x$fpl$fflt)
    __fpl_fnaninf                            0x08002d2d   Thumb Code   140  fnaninf.o(x$fpl$fnaninf)
    __fpl_fretinf                            0x08002db9   Thumb Code    10  fretinf.o(x$fpl$fretinf)
    __aeabi_frsub                            0x08002dc3   Thumb Code     0  faddsub_clz.o(x$fpl$frsb)
    _frsb                                    0x08002dc3   Thumb Code    20  faddsub_clz.o(x$fpl$frsb)
    __aeabi_fsub                             0x08002dd9   Thumb Code     0  faddsub_clz.o(x$fpl$fsub)
    _fsub                                    0x08002dd9   Thumb Code   234  faddsub_clz.o(x$fpl$fsub)
    __ieee_status                            0x08002ec3   Thumb Code     6  istatus.o(x$fpl$ieeestatus)
    _printf_fp_dec                           0x08002ec9   Thumb Code     4  printf1.o(x$fpl$printf1)
    __fpl_return_NaN                         0x08002ecd   Thumb Code   100  retnan.o(x$fpl$retnan)
    __ARM_scalbn                             0x08002f31   Thumb Code    92  scalbn.o(x$fpl$scalbn)
    _scanf_real                              0x08002f8d   Thumb Code     4  scanf1.o(x$fpl$scanf1)
    _scanf_hex_real                          0x08002f91   Thumb Code     4  scanf2.o(x$fpl$scanf2)
    _scanf_infnan                            0x08002f95   Thumb Code     4  scanf2.o(x$fpl$scanf2)
    __fpl_cmpreturn                          0x08002f99   Thumb Code    48  trapv.o(x$fpl$trapveneer)
    __I$use$fp                               0x08002fc8   Number         0  usenofp.o(x$fpl$usenofp)
    Region$$Table$$Base                      0x0800305c   Number         0  anon$$obj.o(Region$$Table)
    Region$$Table$$Limit                     0x0800307c   Number         0  anon$$obj.o(Region$$Table)
    __aeabi_HUGE_VAL                         0x0800307c   Data           0  fpconst.o(c$$dinf)
    __aeabi_HUGE_VALL                        0x0800307c   Data           0  fpconst.o(c$$dinf)
    __aeabi_INFINITY                         0x0800307c   Data           0  fpconst.o(c$$dinf)
    __dInf                                   0x0800307c   Data           0  fpconst.o(c$$dinf)
    __huge_val                               0x0800307c   Data           0  fpconst.o(c$$dinf)
    __dbl_max                                0x08003084   Data           0  fpconst.o(c$$dmax)
    __ctype                                  0x080030b5   Data           0  lc_ctype_c.o(locale$$data)
    def_link                                 0x20000000   Data          28  app.o(.data)
    rec_data                                 0x2000001c   Data           1  gsm.o(.data)
    Data_to_rec                              0x20000020   Data           4  gsm.o(.data)
    GGA_data                                 0x20000024   Data           3  gsm.o(.data)
    GGA_Index                                0x20000028   Data           4  gsm.o(.data)
    CommaCounter                             0x2000002c   Data           4  gsm.o(.data)
    IsItGGAString                            0x20000030   Data           4  gsm.o(.data)
    link                                     0x20000034   Data         100  app.o(.bss)
    GGA_Pointers                             0x20000098   Data          20  gsm.o(.bss)
    GGA_Buffer                               0x200000ac   Data         100  gsm.o(.bss)
    Latitude_Buffer                          0x20000110   Data          15  gsm.o(.bss)
    Longitude_Buffer                         0x2000011f   Data          15  gsm.o(.bss)
    degrees_buffer                           0x2000012e   Data          12  gsm.o(.bss)
    degree_lattitude                         0x2000013a   Data          12  gsm.o(.bss)
    degree_longitude                         0x20000146   Data          12  gsm.o(.bss)
    __libspace_start                         0x20000154   Data          96  libspace.o(.bss)
    __temporary_stack_top$libspace           0x200001b4   Data           0  libspace.o(.bss)



==============================================================================

Memory Map of the image

  Image Entry point : 0x080000ed

  Load Region LR_IROM1 (Base: 0x08000000, Size: 0x000031ec, Max: 0x00010000, ABSOLUTE)

    Execution Region ER_IROM1 (Exec base: 0x08000000, Load base: 0x08000000, Size: 0x000031b8, Max: 0x00010000, ABSOLUTE)

    Exec Addr    Load Addr    Size         Type   Attr      Idx    E Section Name        Object

    0x08000000   0x08000000   0x000000ec   Data   RO          279    RESET               startup_stm32f10x_md.o
    0x080000ec   0x080000ec   0x00000008   Code   RO          370  * !!!main             c_w.l(__main.o)
    0x080000f4   0x080000f4   0x00000034   Code   RO          721    !!!scatter          c_w.l(__scatter.o)
    0x08000128   0x08000128   0x0000001a   Code   RO          723    !!handler_copy      c_w.l(__scatter_copy.o)
    0x08000142   0x08000142   0x00000002   PAD
    0x08000144   0x08000144   0x0000001c   Code   RO          725    !!handler_zi        c_w.l(__scatter_zi.o)
    0x08000160   0x08000160   0x00000000   Code   RO          359    .ARM.Collect$$_printf_percent$$00000000  c_w.l(_printf_percent.o)
    0x08000160   0x08000160   0x00000006   Code   RO          358    .ARM.Collect$$_printf_percent$$00000003  c_w.l(_printf_f.o)
    0x08000166   0x08000166   0x00000004   Code   RO          411    .ARM.Collect$$_printf_percent$$00000017  c_w.l(_printf_percent_end.o)
    0x0800016a   0x0800016a   0x00000002   Code   RO          512    .ARM.Collect$$libinit$$00000000  c_w.l(libinit.o)
    0x0800016c   0x0800016c   0x00000000   Code   RO          514    .ARM.Collect$$libinit$$00000002  c_w.l(libinit2.o)
    0x0800016c   0x0800016c   0x00000000   Code   RO          516    .ARM.Collect$$libinit$$00000004  c_w.l(libinit2.o)
    0x0800016c   0x0800016c   0x00000000   Code   RO          519    .ARM.Collect$$libinit$$0000000A  c_w.l(libinit2.o)
    0x0800016c   0x0800016c   0x00000000   Code   RO          521    .ARM.Collect$$libinit$$0000000C  c_w.l(libinit2.o)
    0x0800016c   0x0800016c   0x00000000   Code   RO          523    .ARM.Collect$$libinit$$0000000E  c_w.l(libinit2.o)
    0x0800016c   0x0800016c   0x00000006   Code   RO          524    .ARM.Collect$$libinit$$0000000F  c_w.l(libinit2.o)
    0x08000172   0x08000172   0x00000000   Code   RO          526    .ARM.Collect$$libinit$$00000011  c_w.l(libinit2.o)
    0x08000172   0x08000172   0x0000000c   Code   RO          527    .ARM.Collect$$libinit$$00000012  c_w.l(libinit2.o)
    0x0800017e   0x0800017e   0x00000000   Code   RO          528    .ARM.Collect$$libinit$$00000013  c_w.l(libinit2.o)
    0x0800017e   0x0800017e   0x00000000   Code   RO          530    .ARM.Collect$$libinit$$00000015  c_w.l(libinit2.o)
    0x0800017e   0x0800017e   0x0000000a   Code   RO          531    .ARM.Collect$$libinit$$00000016  c_w.l(libinit2.o)
    0x08000188   0x08000188   0x00000000   Code   RO          532    .ARM.Collect$$libinit$$00000017  c_w.l(libinit2.o)
    0x08000188   0x08000188   0x00000000   Code   RO          534    .ARM.Collect$$libinit$$00000019  c_w.l(libinit2.o)
    0x08000188   0x08000188   0x00000000   Code   RO          536    .ARM.Collect$$libinit$$0000001B  c_w.l(libinit2.o)
    0x08000188   0x08000188   0x00000000   Code   RO          538    .ARM.Collect$$libinit$$0000001D  c_w.l(libinit2.o)
    0x08000188   0x08000188   0x00000000   Code   RO          540    .ARM.Collect$$libinit$$0000001F  c_w.l(libinit2.o)
    0x08000188   0x08000188   0x00000000   Code   RO          542    .ARM.Collect$$libinit$$00000021  c_w.l(libinit2.o)
    0x08000188   0x08000188   0x00000000   Code   RO          544    .ARM.Collect$$libinit$$00000023  c_w.l(libinit2.o)
    0x08000188   0x08000188   0x00000000   Code   RO          546    .ARM.Collect$$libinit$$00000025  c_w.l(libinit2.o)
    0x08000188   0x08000188   0x00000000   Code   RO          550    .ARM.Collect$$libinit$$0000002C  c_w.l(libinit2.o)
    0x08000188   0x08000188   0x00000000   Code   RO          552    .ARM.Collect$$libinit$$0000002E  c_w.l(libinit2.o)
    0x08000188   0x08000188   0x00000000   Code   RO          554    .ARM.Collect$$libinit$$00000030  c_w.l(libinit2.o)
    0x08000188   0x08000188   0x00000000   Code   RO          556    .ARM.Collect$$libinit$$00000032  c_w.l(libinit2.o)
    0x08000188   0x08000188   0x00000002   Code   RO          557    .ARM.Collect$$libinit$$00000033  c_w.l(libinit2.o)
    0x0800018a   0x0800018a   0x00000002   Code   RO          622    .ARM.Collect$$libshutdown$$00000000  c_w.l(libshutdown.o)
    0x0800018c   0x0800018c   0x00000000   Code   RO          651    .ARM.Collect$$libshutdown$$00000002  c_w.l(libshutdown2.o)
    0x0800018c   0x0800018c   0x00000000   Code   RO          653    .ARM.Collect$$libshutdown$$00000004  c_w.l(libshutdown2.o)
    0x0800018c   0x0800018c   0x00000000   Code   RO          656    .ARM.Collect$$libshutdown$$00000007  c_w.l(libshutdown2.o)
    0x0800018c   0x0800018c   0x00000000   Code   RO          659    .ARM.Collect$$libshutdown$$0000000A  c_w.l(libshutdown2.o)
    0x0800018c   0x0800018c   0x00000000   Code   RO          661    .ARM.Collect$$libshutdown$$0000000C  c_w.l(libshutdown2.o)
    0x0800018c   0x0800018c   0x00000000   Code   RO          664    .ARM.Collect$$libshutdown$$0000000F  c_w.l(libshutdown2.o)
    0x0800018c   0x0800018c   0x00000002   Code   RO          665    .ARM.Collect$$libshutdown$$00000010  c_w.l(libshutdown2.o)
    0x0800018e   0x0800018e   0x00000000   Code   RO          402    .ARM.Collect$$rtentry$$00000000  c_w.l(__rtentry.o)
    0x0800018e   0x0800018e   0x00000000   Code   RO          426    .ARM.Collect$$rtentry$$00000002  c_w.l(__rtentry2.o)
    0x0800018e   0x0800018e   0x00000006   Code   RO          438    .ARM.Collect$$rtentry$$00000004  c_w.l(__rtentry4.o)
    0x08000194   0x08000194   0x00000000   Code   RO          428    .ARM.Collect$$rtentry$$00000009  c_w.l(__rtentry2.o)
    0x08000194   0x08000194   0x00000004   Code   RO          429    .ARM.Collect$$rtentry$$0000000A  c_w.l(__rtentry2.o)
    0x08000198   0x08000198   0x00000000   Code   RO          431    .ARM.Collect$$rtentry$$0000000C  c_w.l(__rtentry2.o)
    0x08000198   0x08000198   0x00000008   Code   RO          432    .ARM.Collect$$rtentry$$0000000D  c_w.l(__rtentry2.o)
    0x080001a0   0x080001a0   0x00000002   Code   RO          558    .ARM.Collect$$rtexit$$00000000  c_w.l(rtexit.o)
    0x080001a2   0x080001a2   0x00000000   Code   RO          584    .ARM.Collect$$rtexit$$00000002  c_w.l(rtexit2.o)
    0x080001a2   0x080001a2   0x00000004   Code   RO          585    .ARM.Collect$$rtexit$$00000003  c_w.l(rtexit2.o)
    0x080001a6   0x080001a6   0x00000006   Code   RO          586    .ARM.Collect$$rtexit$$00000004  c_w.l(rtexit2.o)
    0x080001ac   0x080001ac   0x00000040   Code   RO          280    .text               startup_stm32f10x_md.o
    0x080001ec   0x080001ec   0x00000028   Code   RO          334    .text               c_w.l(noretval__2sprintf.o)
    0x08000214   0x08000214   0x00000068   Code   RO          336    .text               c_w.l(__printf.o)
    0x0800027c   0x0800027c   0x00000048   Code   RO          360    .text               c_w.l(strcpy.o)
    0x080002c4   0x080002c4   0x0000003e   Code   RO          362    .text               c_w.l(strlen.o)
    0x08000302   0x08000302   0x00000018   Code   RO          364    .text               c_w.l(strcat.o)
    0x0800031a   0x0800031a   0x00000044   Code   RO          366    .text               c_w.l(rt_memclr.o)
    0x0800035e   0x0800035e   0x00000006   Code   RO          368    .text               c_w.l(heapauxi.o)
    0x08000364   0x08000364   0x00000016   Code   RO          403    .text               c_w.l(_rserrno.o)
    0x0800037a   0x0800037a   0x0000041e   Code   RO          405    .text               c_w.l(_printf_fp_dec.o)
    0x08000798   0x08000798   0x00000030   Code   RO          407    .text               c_w.l(_printf_char_common.o)
    0x080007c8   0x080007c8   0x0000000a   Code   RO          409    .text               c_w.l(_sputc.o)
    0x080007d2   0x080007d2   0x00000002   PAD
    0x080007d4   0x080007d4   0x000000a4   Code   RO          412    .text               c_w.l(strtod.o)
    0x08000878   0x08000878   0x0000004e   Code   RO          414    .text               c_w.l(rt_memclr_w.o)
    0x080008c6   0x080008c6   0x00000002   PAD
    0x080008c8   0x080008c8   0x00000008   Code   RO          443    .text               c_w.l(rt_locale_intlibspace.o)
    0x080008d0   0x080008d0   0x00000008   Code   RO          448    .text               c_w.l(rt_errno_addr_intlibspace.o)
    0x080008d8   0x080008d8   0x0000008a   Code   RO          450    .text               c_w.l(lludiv10.o)
    0x08000962   0x08000962   0x00000012   Code   RO          452    .text               c_w.l(isspace.o)
    0x08000974   0x08000974   0x00000080   Code   RO          454    .text               c_w.l(_printf_fp_infnan.o)
    0x080009f4   0x080009f4   0x00000040   Code   RO          458    .text               c_w.l(_sgetc.o)
    0x08000a34   0x08000a34   0x000000e4   Code   RO          460    .text               c_w.l(bigflt0.o)
    0x08000b18   0x08000b18   0x00000008   Code   RO          494    .text               c_w.l(libspace.o)
    0x08000b20   0x08000b20   0x0000004a   Code   RO          497    .text               c_w.l(sys_stackheap_outer.o)
    0x08000b6a   0x08000b6a   0x00000002   PAD
    0x08000b6c   0x08000b6c   0x00000010   Code   RO          499    .text               c_w.l(rt_ctype_table.o)
    0x08000b7c   0x08000b7c   0x000004f8   Code   RO          501    .text               c_w.l(scanf_fp.o)
    0x08001074   0x08001074   0x00000012   Code   RO          503    .text               c_w.l(exit.o)
    0x08001086   0x08001086   0x00000002   PAD
    0x08001088   0x08001088   0x00000080   Code   RO          505    .text               c_w.l(strcmpv7m.o)
    0x08001108   0x08001108   0x00000320   Code   RO          590    .text               c_w.l(scanf_hexfp.o)
    0x08001428   0x08001428   0x00000134   Code   RO          592    .text               c_w.l(scanf_infnan.o)
    0x0800155c   0x0800155c   0x0000000c   Code   RO          608    .text               c_w.l(sys_exit.o)
    0x08001568   0x08001568   0x00000026   Code   RO          612    .text               c_w.l(llshl.o)
    0x0800158e   0x0800158e   0x0000001c   Code   RO          614    .text               c_w.l(_chval.o)
    0x080015aa   0x080015aa   0x00000002   Code   RO          641    .text               c_w.l(use_no_semi.o)
    0x080015ac   0x080015ac   0x00000000   Code   RO          643    .text               c_w.l(indicate_semi.o)
    0x080015ac   0x080015ac   0x0000003e   Code   RO          463    CL$$btod_d2e        c_w.l(btod.o)
    0x080015ea   0x080015ea   0x00000046   Code   RO          465    CL$$btod_d2e_denorm_low  c_w.l(btod.o)
    0x08001630   0x08001630   0x00000060   Code   RO          464    CL$$btod_d2e_norm_op1  c_w.l(btod.o)
    0x08001690   0x08001690   0x00000338   Code   RO          473    CL$$btod_div_common  c_w.l(btod.o)
    0x080019c8   0x080019c8   0x00000084   Code   RO          471    CL$$btod_e2d        c_w.l(btod.o)
    0x08001a4c   0x08001a4c   0x000000dc   Code   RO          470    CL$$btod_e2e        c_w.l(btod.o)
    0x08001b28   0x08001b28   0x0000002a   Code   RO          467    CL$$btod_ediv       c_w.l(btod.o)
    0x08001b52   0x08001b52   0x0000002a   Code   RO          469    CL$$btod_edivd      c_w.l(btod.o)
    0x08001b7c   0x08001b7c   0x0000002a   Code   RO          466    CL$$btod_emul       c_w.l(btod.o)
    0x08001ba6   0x08001ba6   0x0000002a   Code   RO          468    CL$$btod_emuld      c_w.l(btod.o)
    0x08001bd0   0x08001bd0   0x00000244   Code   RO          472    CL$$btod_mult_common  c_w.l(btod.o)
    0x08001e14   0x08001e14   0x00000034   Code   RO          190    i.LOG_DBG           log.o
    0x08001e48   0x08001e48   0x00000034   Code   RO          193    i.LOG_WRN           log.o
    0x08001e7c   0x08001e7c   0x00000008   Code   RO          287    i.SetSysClock       system_stm32f10x.o
    0x08001e84   0x08001e84   0x000000e0   Code   RO          288    i.SetSysClockTo72   system_stm32f10x.o
    0x08001f64   0x08001f64   0x00000018   Code   RO           81    i.SysTick_init      systicktimer.o
    0x08001f7c   0x08001f7c   0x00000060   Code   RO          290    i.SystemInit        system_stm32f10x.o
    0x08001fdc   0x08001fdc   0x00000008   Code   RO          261    i.USART2_IRQHandler  interrupt.o
    0x08001fe4   0x08001fe4   0x00000028   Code   RO          492    i.__ARM_fpclassify  m_ws.l(fpclassify.o)
    0x0800200c   0x0800200c   0x0000000e   Code   RO          672    i.__mathlib_dbl_overflow  m_ws.l(dunder.o)
    0x0800201a   0x0800201a   0x00000002   PAD
    0x0800201c   0x0800201c   0x00000010   Code   RO          674    i.__mathlib_dbl_underflow  m_ws.l(dunder.o)
    0x0800202c   0x0800202c   0x00000010   Code   RO          577    i.__mathlib_narrow  m_ws.l(narrow.o)
    0x0800203c   0x0800203c   0x000000bc   Code   RO          578    i.__mathlib_tofloat  m_ws.l(narrow.o)
    0x080020f8   0x080020f8   0x00000016   Code   RO          630    i.__support_ldexp   m_ws.l(ldexp.o)
    0x0800210e   0x0800210e   0x0000000e   Code   RO          348    i._is_digit         c_w.l(__printf_wp.o)
    0x0800211c   0x0800211c   0x0000002a   Code   RO          399    i.atof              m_ws.l(atof.o)
    0x08002146   0x08002146   0x00000002   PAD
    0x08002148   0x08002148   0x00000098   Code   RO          220    i.convert_to_degrees  gsm.o
    0x080021e0   0x080021e0   0x00000058   Code   RO          603    i.frexp             m_ws.l(frexp.o)
    0x08002238   0x08002238   0x000000c0   Code   RO          221    i.get_gsm_string    gsm.o
    0x080022f8   0x080022f8   0x00000054   Code   RO          222    i.get_latitude      gsm.o
    0x0800234c   0x0800234c   0x00000054   Code   RO          223    i.get_longitude     gsm.o
    0x080023a0   0x080023a0   0x00000074   Code   RO          631    i.ldexp             m_ws.l(ldexp.o)
    0x08002414   0x08002414   0x000000cc   Code   RO            4    i.main              app.o
    0x080024e0   0x080024e0   0x0000002c   Code   RO           83    i.ms_delay          systicktimer.o
    0x0800250c   0x0800250c   0x00000014   Code   RO           84    i.s_delay           systicktimer.o
    0x08002520   0x08002520   0x0000001c   Code   RO          153    i.uart2_Rx          uart2.o
    0x0800253c   0x0800253c   0x00000028   Code   RO          154    i.uart2_Tx          uart2.o
    0x08002564   0x08002564   0x000000ac   Code   RO          155    i.uart2_init        uart2.o
    0x08002610   0x08002610   0x0000002c   Code   RO          486    locale$$code        c_w.l(lc_numeric_c.o)
    0x0800263c   0x0800263c   0x0000002c   Code   RO          561    locale$$code        c_w.l(lc_ctype_c.o)
    0x08002668   0x08002668   0x00000062   Code   RO          372    x$fpl$d2f           fz_ws.l(d2f.o)
    0x080026ca   0x080026ca   0x00000002   PAD
    0x080026cc   0x080026cc   0x00000010   Code   RO          666    x$fpl$dcheck1       fz_ws.l(dcheck1.o)
    0x080026dc   0x080026dc   0x00000018   Code   RO          623    x$fpl$dcmpinf       fz_ws.l(dcmpi.o)
    0x080026f4   0x080026f4   0x000002b0   Code   RO          375    x$fpl$ddiv          fz_ws.l(ddiv.o)
    0x080029a4   0x080029a4   0x00000078   Code   RO          598    x$fpl$deqf          fz_ws.l(deqf.o)
    0x08002a1c   0x08002a1c   0x00000078   Code   RO          625    x$fpl$dleqf         fz_ws.l(dleqf.o)
    0x08002a94   0x08002a94   0x0000009c   Code   RO          416    x$fpl$dnaninf       fz_ws.l(dnaninf.o)
    0x08002b30   0x08002b30   0x0000000c   Code   RO          418    x$fpl$dretinf       fz_ws.l(dretinf.o)
    0x08002b3c   0x08002b3c   0x0000006c   Code   RO          600    x$fpl$drleqf        fz_ws.l(drleqf.o)
    0x08002ba8   0x08002ba8   0x00000056   Code   RO          378    x$fpl$f2d           fz_ws.l(f2d.o)
    0x08002bfe   0x08002bfe   0x00000002   PAD
    0x08002c00   0x08002c00   0x000000c4   Code   RO          380    x$fpl$fadd          fz_ws.l(faddsub_clz.o)
    0x08002cc4   0x08002cc4   0x00000036   Code   RO          386    x$fpl$ffix          fz_ws.l(ffix.o)
    0x08002cfa   0x08002cfa   0x00000002   PAD
    0x08002cfc   0x08002cfc   0x00000030   Code   RO          391    x$fpl$fflt          fz_ws.l(fflt_clz.o)
    0x08002d2c   0x08002d2c   0x0000008c   Code   RO          420    x$fpl$fnaninf       fz_ws.l(fnaninf.o)
    0x08002db8   0x08002db8   0x0000000a   Code   RO          422    x$fpl$fretinf       fz_ws.l(fretinf.o)
    0x08002dc2   0x08002dc2   0x00000014   Code   RO          381    x$fpl$frsb          fz_ws.l(faddsub_clz.o)
    0x08002dd6   0x08002dd6   0x00000002   PAD
    0x08002dd8   0x08002dd8   0x000000ea   Code   RO          382    x$fpl$fsub          fz_ws.l(faddsub_clz.o)
    0x08002ec2   0x08002ec2   0x00000006   Code   RO          488    x$fpl$ieeestatus    fz_ws.l(istatus.o)
    0x08002ec8   0x08002ec8   0x00000004   Code   RO          396    x$fpl$printf1       fz_ws.l(printf1.o)
    0x08002ecc   0x08002ecc   0x00000064   Code   RO          695    x$fpl$retnan        fz_ws.l(retnan.o)
    0x08002f30   0x08002f30   0x0000005c   Code   RO          627    x$fpl$scalbn        fz_ws.l(scalbn.o)
    0x08002f8c   0x08002f8c   0x00000004   Code   RO          490    x$fpl$scanf1        fz_ws.l(scanf1.o)
    0x08002f90   0x08002f90   0x00000008   Code   RO          571    x$fpl$scanf2        fz_ws.l(scanf2.o)
    0x08002f98   0x08002f98   0x00000030   Code   RO          701    x$fpl$trapveneer    fz_ws.l(trapv.o)
    0x08002fc8   0x08002fc8   0x00000000   Code   RO          424    x$fpl$usenofp       fz_ws.l(usenofp.o)
    0x08002fc8   0x08002fc8   0x00000094   Data   RO          461    .constdata          c_w.l(bigflt0.o)
    0x0800305c   0x0800305c   0x00000020   Data   RO          719    Region$$Table       anon$$obj.o
    0x0800307c   0x0800307c   0x00000008   Data   RO          565    c$$dinf             fz_ws.l(fpconst.o)
    0x08003084   0x08003084   0x00000008   Data   RO          568    c$$dmax             fz_ws.l(fpconst.o)
    0x0800308c   0x0800308c   0x0000001c   Data   RO          485    locale$$data        c_w.l(lc_numeric_c.o)
    0x080030a8   0x080030a8   0x00000110   Data   RO          560    locale$$data        c_w.l(lc_ctype_c.o)


    Execution Region RW_IRAM1 (Exec base: 0x20000000, Load base: 0x080031b8, Size: 0x000007b8, Max: 0x00005000, ABSOLUTE)

    Exec Addr    Load Addr    Size         Type   Attr      Idx    E Section Name        Object

    0x20000000   0x080031b8   0x0000001c   Data   RW            6    .data               app.o
    0x2000001c   0x080031d4   0x00000018   Data   RW          225    .data               gsm.o
    0x20000034        -       0x00000064   Zero   RW            5    .bss                app.o
    0x20000098        -       0x000000ba   Zero   RW          224    .bss                gsm.o
    0x20000152   0x080031ec   0x00000002   PAD
    0x20000154        -       0x00000060   Zero   RW          495    .bss                c_w.l(libspace.o)
    0x200001b4   0x080031ec   0x00000004   PAD
    0x200001b8        -       0x00000200   Zero   RW          278    HEAP                startup_stm32f10x_md.o
    0x200003b8        -       0x00000400   Zero   RW          277    STACK               startup_stm32f10x_md.o


==============================================================================

Image component sizes


      Code (inc. data)   RO Data    RW Data    ZI Data      Debug   Object Name

       204         66          0         28        100     207755   app.o
       512         84          0         24        186       3636   gsm.o
         8          0          0          0          0        424   interrupt.o
       104         44          0          0          0        924   log.o
        64         26        236          0       1536        820   startup_stm32f10x_md.o
       328         28          0          0          0       2145   system_stm32f10x.o
        88          4          0          0          0       1288   systicktimer.o
       240         22          0          0          0      26326   uart2.o

    ----------------------------------------------------------------------
      1548        274        268         52       1824     243318   Object Totals
         0          0         32          0          0          0   (incl. Generated)
         0          0          0          0          2          0   (incl. Padding)

    ----------------------------------------------------------------------

      Code (inc. data)   RO Data    RW Data    ZI Data      Debug   Library Member Name

         8          0          0          0          0         68   __main.o
       104          0          0          0          0         84   __printf.o
        14          0          0          0          0         68   __printf_wp.o
         0          0          0          0          0          0   __rtentry.o
        12          0          0          0          0          0   __rtentry2.o
         6          0          0          0          0          0   __rtentry4.o
        52          8          0          0          0          0   __scatter.o
        26          0          0          0          0          0   __scatter_copy.o
        28          0          0          0          0          0   __scatter_zi.o
        28          0          0          0          0         68   _chval.o
        48          6          0          0          0         96   _printf_char_common.o
         6          0          0          0          0          0   _printf_f.o
      1054          0          0          0          0        216   _printf_fp_dec.o
       128         16          0          0          0         84   _printf_fp_infnan.o
         0          0          0          0          0          0   _printf_percent.o
         4          0          0          0          0          0   _printf_percent_end.o
        22          0          0          0          0        100   _rserrno.o
        64          0          0          0          0         84   _sgetc.o
        10          0          0          0          0         68   _sputc.o
       228          4        148          0          0         96   bigflt0.o
      2152        136          0          0          0        960   btod.o
        18          0          0          0          0         80   exit.o
         6          0          0          0          0        152   heapauxi.o
         0          0          0          0          0          0   indicate_semi.o
        18          0          0          0          0         76   isspace.o
        44         10        272          0          0         76   lc_ctype_c.o
        44         10         28          0          0         76   lc_numeric_c.o
         2          0          0          0          0          0   libinit.o
        30          0          0          0          0          0   libinit2.o
         2          0          0          0          0          0   libshutdown.o
         2          0          0          0          0          0   libshutdown2.o
         8          4          0          0         96         68   libspace.o
        38          0          0          0          0         68   llshl.o
       138          0          0          0          0         80   lludiv10.o
        40          6          0          0          0         84   noretval__2sprintf.o
        16          4          0          0          0         76   rt_ctype_table.o
         8          4          0          0          0         68   rt_errno_addr_intlibspace.o
         8          4          0          0          0         68   rt_locale_intlibspace.o
        68          0          0          0          0         68   rt_memclr.o
        78          0          0          0          0         80   rt_memclr_w.o
         2          0          0          0          0          0   rtexit.o
        10          0          0          0          0          0   rtexit2.o
      1272         16          0          0          0        168   scanf_fp.o
       800         14          0          0          0        100   scanf_hexfp.o
       308         16          0          0          0        100   scanf_infnan.o
        24          0          0          0          0         68   strcat.o
       128          0          0          0          0         68   strcmpv7m.o
        72          0          0          0          0         80   strcpy.o
        62          0          0          0          0         76   strlen.o
       164         14          0          0          0        120   strtod.o
        12          4          0          0          0         68   sys_exit.o
        74          0          0          0          0         80   sys_stackheap_outer.o
         2          0          0          0          0         68   use_no_semi.o
        98          4          0          0          0         92   d2f.o
        16          4          0          0          0         68   dcheck1.o
        24          0          0          0          0         68   dcmpi.o
       688        140          0          0          0        208   ddiv.o
       120          4          0          0          0         92   deqf.o
       120          4          0          0          0         92   dleqf.o
       156          4          0          0          0         92   dnaninf.o
        12          0          0          0          0         68   dretinf.o
       108          0          0          0          0         80   drleqf.o
        86          4          0          0          0         84   f2d.o
       450          8          0          0          0        236   faddsub_clz.o
        54          4          0          0          0         84   ffix.o
        48          0          0          0          0         68   fflt_clz.o
       140          4          0          0          0         84   fnaninf.o
         0          0         16          0          0          0   fpconst.o
        10          0          0          0          0         68   fretinf.o
         6          0          0          0          0         68   istatus.o
         4          0          0          0          0         68   printf1.o
       100          0          0          0          0         68   retnan.o
        92          0          0          0          0         68   scalbn.o
         4          0          0          0          0         68   scanf1.o
         8          0          0          0          0         84   scanf2.o
        48          0          0          0          0         68   trapv.o
         0          0          0          0          0          0   usenofp.o
        42          0          0          0          0         84   atof.o
        30          6          0          0          0        136   dunder.o
        40          0          0          0          0         68   fpclassify.o
        88          8          0          0          0         76   frexp.o
       138          0          0          0          0        160   ldexp.o
       204          4          0          0          0        168   narrow.o

    ----------------------------------------------------------------------
     10448        474        464          0        100       6776   Library Totals
        22          0          0          0          4          0   (incl. Padding)

    ----------------------------------------------------------------------

      Code (inc. data)   RO Data    RW Data    ZI Data      Debug   Library Name

      7492        276        448          0         96       4108   c_w.l
      2392        180         16          0          0       1976   fz_ws.l
       542         18          0          0          0        692   m_ws.l

    ----------------------------------------------------------------------
     10448        474        464          0        100       6776   Library Totals

    ----------------------------------------------------------------------

==============================================================================


      Code (inc. data)   RO Data    RW Data    ZI Data      Debug   

     11996        748        732         52       1924     245358   Grand Totals
     11996        748        732         52       1924     245358   ELF Image Totals
     11996        748        732         52          0          0   ROM Totals

==============================================================================

    Total RO  Size (Code + RO Data)                12728 (  12.43kB)
    Total RW  Size (RW Data + ZI Data)              1976 (   1.93kB)
    Total ROM Size (Code + RO Data + RW Data)      12780 (  12.48kB)

==============================================================================

